Classic Timing Analyzer report for eAdd4
Tue Nov 25 21:54:10 2014
Quartus II Version 9.1 Build 350 03/24/2010 Service Pack 2 SJ Web Edition


---------------------
; Table of Contents ;
---------------------
  1. Legal Notice
  2. Timing Analyzer Summary
  3. Timing Analyzer Settings
  4. Parallel Compilation
  5. tpd
  6. Timing Analyzer Messages



----------------
; Legal Notice ;
----------------
Copyright (C) 1991-2010 Altera Corporation
Your use of Altera Corporation's design tools, logic functions 
and other software and tools, and its AMPP partner logic 
functions, and any output files from any of the foregoing 
(including device programming or simulation files), and any 
associated documentation or information are expressly subject 
to the terms and conditions of the Altera Program License 
Subscription Agreement, Altera MegaCore Function License 
Agreement, or other applicable license agreement, including, 
without limitation, that your use is for the sole purpose of 
programming logic devices manufactured by Altera and sold by 
Altera or its authorized distributors.  Please refer to the 
applicable agreement for further details.



+-------------------------------------------------------------------------------------------------------------------------------+
; Timing Analyzer Summary                                                                                                       ;
+------------------------------+-------+---------------+-------------+--------+----------+------------+----------+--------------+
; Type                         ; Slack ; Required Time ; Actual Time ; From   ; To       ; From Clock ; To Clock ; Failed Paths ;
+------------------------------+-------+---------------+-------------+--------+----------+------------+----------+--------------+
; Worst-case tpd               ; N/A   ; None          ; 12.193 ns   ; pIn[7] ; pOut[12] ; --         ; --       ; 0            ;
; Total number of failed paths ;       ;               ;             ;        ;          ;            ;          ; 0            ;
+------------------------------+-------+---------------+-------------+--------+----------+------------+----------+--------------+


+-----------------------------------------------------------------------------------------------------------------------------------------------------+
; Timing Analyzer Settings                                                                                                                            ;
+------------------------------------------------------------------------------------------------------+--------------------+------+----+-------------+
; Option                                                                                               ; Setting            ; From ; To ; Entity Name ;
+------------------------------------------------------------------------------------------------------+--------------------+------+----+-------------+
; Device Name                                                                                          ; EP1S10F484C5       ;      ;    ;             ;
; Timing Models                                                                                        ; Final              ;      ;    ;             ;
; Default hold multicycle                                                                              ; Same as Multicycle ;      ;    ;             ;
; Cut paths between unrelated clock domains                                                            ; On                 ;      ;    ;             ;
; Cut off read during write signal paths                                                               ; On                 ;      ;    ;             ;
; Cut off feedback from I/O pins                                                                       ; On                 ;      ;    ;             ;
; Report Combined Fast/Slow Timing                                                                     ; Off                ;      ;    ;             ;
; Ignore Clock Settings                                                                                ; Off                ;      ;    ;             ;
; Analyze latches as synchronous elements                                                              ; Off                ;      ;    ;             ;
; Enable Recovery/Removal analysis                                                                     ; Off                ;      ;    ;             ;
; Enable Clock Latency                                                                                 ; Off                ;      ;    ;             ;
; Use TimeQuest Timing Analyzer                                                                        ; Off                ;      ;    ;             ;
; Number of source nodes to report per destination node                                                ; 10                 ;      ;    ;             ;
; Number of destination nodes to report                                                                ; 10                 ;      ;    ;             ;
; Number of paths to report                                                                            ; 200                ;      ;    ;             ;
; Report Minimum Timing Checks                                                                         ; Off                ;      ;    ;             ;
; Use Fast Timing Models                                                                               ; Off                ;      ;    ;             ;
; Report IO Paths Separately                                                                           ; Off                ;      ;    ;             ;
; Perform Multicorner Analysis                                                                         ; Off                ;      ;    ;             ;
; Reports the worst-case path for each clock domain and analysis                                       ; Off                ;      ;    ;             ;
; Reports worst-case timing paths for each clock domain and analysis                                   ; Off                ;      ;    ;             ;
; Specifies the maximum number of worst-case timing paths to report for each clock domain and analysis ; 100                ;      ;    ;             ;
; Removes common clock path pessimism (CCPP) during slack computation                                  ; Off                ;      ;    ;             ;
; Output I/O Timing Endpoint                                                                           ; Near End           ;      ;    ;             ;
+------------------------------------------------------------------------------------------------------+--------------------+------+----+-------------+


Parallel compilation was disabled, but you have multiple processors available. Enable parallel compilation to reduce compilation time.
+-------------------------------------+
; Parallel Compilation                ;
+----------------------------+--------+
; Processors                 ; Number ;
+----------------------------+--------+
; Number detected on machine ; 4      ;
; Maximum allowed            ; 1      ;
+----------------------------+--------+


+--------------------------------------------------------------------------------------------------------------------------------------+
; tpd                                                                                                                                  ;
+-----------------------------------------+-----------------------------------------------------+-----------------+---------+----------+
; Slack                                   ; Required P2P Time                                   ; Actual P2P Time ; From    ; To       ;
+-----------------------------------------+-----------------------------------------------------+-----------------+---------+----------+
; N/A                                     ; None                                                ; 12.193 ns       ; pIn[7]  ; pOut[12] ;
; N/A                                     ; None                                                ; 12.190 ns       ; pIn[20] ; pOut[25] ;
; N/A                                     ; None                                                ; 12.077 ns       ; pIn[7]  ; pOut[19] ;
; N/A                                     ; None                                                ; 12.072 ns       ; pIn[7]  ; pOut[25] ;
; N/A                                     ; None                                                ; 11.858 ns       ; pIn[8]  ; pOut[12] ;
; N/A                                     ; None                                                ; 11.841 ns       ; pIn[14] ; pOut[19] ;
; N/A                                     ; None                                                ; 11.837 ns       ; pIn[2]  ; pOut[12] ;
; N/A                                     ; None                                                ; 11.836 ns       ; pIn[14] ; pOut[25] ;
; N/A                                     ; None                                                ; 11.825 ns       ; pIn[20] ; pOut[27] ;
; N/A                                     ; None                                                ; 11.817 ns       ; pIn[20] ; pOut[24] ;
; N/A                                     ; None                                                ; 11.742 ns       ; pIn[8]  ; pOut[19] ;
; N/A                                     ; None                                                ; 11.741 ns       ; pIn[10] ; pOut[12] ;
; N/A                                     ; None                                                ; 11.737 ns       ; pIn[8]  ; pOut[25] ;
; N/A                                     ; None                                                ; 11.721 ns       ; pIn[2]  ; pOut[19] ;
; N/A                                     ; None                                                ; 11.716 ns       ; pIn[2]  ; pOut[25] ;
; N/A                                     ; None                                                ; 11.707 ns       ; pIn[7]  ; pOut[27] ;
; N/A                                     ; None                                                ; 11.702 ns       ; pIn[6]  ; pOut[12] ;
; N/A                                     ; None                                                ; 11.701 ns       ; pIn[3]  ; pOut[12] ;
; N/A                                     ; None                                                ; 11.699 ns       ; pIn[7]  ; pOut[24] ;
; N/A                                     ; None                                                ; 11.676 ns       ; pIn[20] ; pOut[29] ;
; N/A                                     ; None                                                ; 11.652 ns       ; pIn[20] ; pOut[28] ;
; N/A                                     ; None                                                ; 11.625 ns       ; pIn[10] ; pOut[19] ;
; N/A                                     ; None                                                ; 11.620 ns       ; pIn[10] ; pOut[25] ;
; N/A                                     ; None                                                ; 11.610 ns       ; pIn[7]  ; pOut[15] ;
; N/A                                     ; None                                                ; 11.586 ns       ; pIn[6]  ; pOut[19] ;
; N/A                                     ; None                                                ; 11.585 ns       ; pIn[3]  ; pOut[19] ;
; N/A                                     ; None                                                ; 11.581 ns       ; pIn[6]  ; pOut[25] ;
; N/A                                     ; None                                                ; 11.580 ns       ; pIn[20] ; pOut[30] ;
; N/A                                     ; None                                                ; 11.580 ns       ; pIn[3]  ; pOut[25] ;
; N/A                                     ; None                                                ; 11.558 ns       ; pIn[7]  ; pOut[29] ;
; N/A                                     ; None                                                ; 11.534 ns       ; pIn[7]  ; pOut[28] ;
; N/A                                     ; None                                                ; 11.471 ns       ; pIn[14] ; pOut[27] ;
; N/A                                     ; None                                                ; 11.463 ns       ; pIn[14] ; pOut[24] ;
; N/A                                     ; None                                                ; 11.462 ns       ; pIn[7]  ; pOut[30] ;
; N/A                                     ; None                                                ; 11.445 ns       ; pIn[20] ; pOut[22] ;
; N/A                                     ; None                                                ; 11.414 ns       ; pIn[12] ; pOut[19] ;
; N/A                                     ; None                                                ; 11.409 ns       ; pIn[12] ; pOut[25] ;
; N/A                                     ; None                                                ; 11.380 ns       ; pIn[16] ; pOut[19] ;
; N/A                                     ; None                                                ; 11.375 ns       ; pIn[16] ; pOut[25] ;
; N/A                                     ; None                                                ; 11.372 ns       ; pIn[8]  ; pOut[27] ;
; N/A                                     ; None                                                ; 11.369 ns       ; pIn[7]  ; pOut[17] ;
; N/A                                     ; None                                                ; 11.365 ns       ; pIn[20] ; pOut[23] ;
; N/A                                     ; None                                                ; 11.364 ns       ; pIn[8]  ; pOut[24] ;
; N/A                                     ; None                                                ; 11.362 ns       ; pIn[19] ; pOut[25] ;
; N/A                                     ; None                                                ; 11.351 ns       ; pIn[2]  ; pOut[27] ;
; N/A                                     ; None                                                ; 11.351 ns       ; pIn[13] ; pOut[19] ;
; N/A                                     ; None                                                ; 11.346 ns       ; pIn[13] ; pOut[25] ;
; N/A                                     ; None                                                ; 11.343 ns       ; pIn[2]  ; pOut[24] ;
; N/A                                     ; None                                                ; 11.327 ns       ; pIn[7]  ; pOut[22] ;
; N/A                                     ; None                                                ; 11.322 ns       ; pIn[14] ; pOut[29] ;
; N/A                                     ; None                                                ; 11.298 ns       ; pIn[14] ; pOut[28] ;
; N/A                                     ; None                                                ; 11.275 ns       ; pIn[8]  ; pOut[15] ;
; N/A                                     ; None                                                ; 11.268 ns       ; pIn[18] ; pOut[25] ;
; N/A                                     ; None                                                ; 11.255 ns       ; pIn[10] ; pOut[27] ;
; N/A                                     ; None                                                ; 11.254 ns       ; pIn[2]  ; pOut[15] ;
; N/A                                     ; None                                                ; 11.247 ns       ; pIn[10] ; pOut[24] ;
; N/A                                     ; None                                                ; 11.247 ns       ; pIn[7]  ; pOut[23] ;
; N/A                                     ; None                                                ; 11.245 ns       ; pIn[9]  ; pOut[12] ;
; N/A                                     ; None                                                ; 11.244 ns       ; pIn[5]  ; pOut[12] ;
; N/A                                     ; None                                                ; 11.226 ns       ; pIn[14] ; pOut[30] ;
; N/A                                     ; None                                                ; 11.223 ns       ; pIn[8]  ; pOut[29] ;
; N/A                                     ; None                                                ; 11.220 ns       ; pIn[20] ; pOut[31] ;
; N/A                                     ; None                                                ; 11.216 ns       ; pIn[6]  ; pOut[27] ;
; N/A                                     ; None                                                ; 11.215 ns       ; pIn[3]  ; pOut[27] ;
; N/A                                     ; None                                                ; 11.208 ns       ; pIn[6]  ; pOut[24] ;
; N/A                                     ; None                                                ; 11.207 ns       ; pIn[3]  ; pOut[24] ;
; N/A                                     ; None                                                ; 11.202 ns       ; pIn[2]  ; pOut[29] ;
; N/A                                     ; None                                                ; 11.199 ns       ; pIn[8]  ; pOut[28] ;
; N/A                                     ; None                                                ; 11.179 ns       ; pIn[15] ; pOut[19] ;
; N/A                                     ; None                                                ; 11.178 ns       ; pIn[2]  ; pOut[28] ;
; N/A                                     ; None                                                ; 11.177 ns       ; pIn[14] ; pOut[15] ;
; N/A                                     ; None                                                ; 11.174 ns       ; pIn[15] ; pOut[25] ;
; N/A                                     ; None                                                ; 11.173 ns       ; pIn[4]  ; pOut[12] ;
; N/A                                     ; None                                                ; 11.158 ns       ; pIn[10] ; pOut[15] ;
; N/A                                     ; None                                                ; 11.137 ns       ; pIn[11] ; pOut[12] ;
; N/A                                     ; None                                                ; 11.133 ns       ; pIn[14] ; pOut[17] ;
; N/A                                     ; None                                                ; 11.132 ns       ; pIn[22] ; pOut[25] ;
; N/A                                     ; None                                                ; 11.129 ns       ; pIn[9]  ; pOut[19] ;
; N/A                                     ; None                                                ; 11.128 ns       ; pIn[5]  ; pOut[19] ;
; N/A                                     ; None                                                ; 11.127 ns       ; pIn[8]  ; pOut[30] ;
; N/A                                     ; None                                                ; 11.124 ns       ; pIn[9]  ; pOut[25] ;
; N/A                                     ; None                                                ; 11.123 ns       ; pIn[5]  ; pOut[25] ;
; N/A                                     ; None                                                ; 11.119 ns       ; pIn[6]  ; pOut[15] ;
; N/A                                     ; None                                                ; 11.118 ns       ; pIn[3]  ; pOut[15] ;
; N/A                                     ; None                                                ; 11.106 ns       ; pIn[2]  ; pOut[30] ;
; N/A                                     ; None                                                ; 11.106 ns       ; pIn[10] ; pOut[29] ;
; N/A                                     ; None                                                ; 11.102 ns       ; pIn[7]  ; pOut[31] ;
; N/A                                     ; None                                                ; 11.093 ns       ; pIn[24] ; pOut[25] ;
; N/A                                     ; None                                                ; 11.091 ns       ; pIn[14] ; pOut[22] ;
; N/A                                     ; None                                                ; 11.082 ns       ; pIn[10] ; pOut[28] ;
; N/A                                     ; None                                                ; 11.070 ns       ; pIn[7]  ; pOut[16] ;
; N/A                                     ; None                                                ; 11.067 ns       ; pIn[6]  ; pOut[29] ;
; N/A                                     ; None                                                ; 11.066 ns       ; pIn[3]  ; pOut[29] ;
; N/A                                     ; None                                                ; 11.057 ns       ; pIn[4]  ; pOut[19] ;
; N/A                                     ; None                                                ; 11.052 ns       ; pIn[4]  ; pOut[25] ;
; N/A                                     ; None                                                ; 11.050 ns       ; pIn[7]  ; pOut[13] ;
; N/A                                     ; None                                                ; 11.044 ns       ; pIn[12] ; pOut[27] ;
; N/A                                     ; None                                                ; 11.043 ns       ; pIn[6]  ; pOut[28] ;
; N/A                                     ; None                                                ; 11.042 ns       ; pIn[3]  ; pOut[28] ;
; N/A                                     ; None                                                ; 11.036 ns       ; pIn[12] ; pOut[24] ;
; N/A                                     ; None                                                ; 11.034 ns       ; pIn[8]  ; pOut[17] ;
; N/A                                     ; None                                                ; 11.032 ns       ; pIn[17] ; pOut[25] ;
; N/A                                     ; None                                                ; 11.021 ns       ; pIn[11] ; pOut[19] ;
; N/A                                     ; None                                                ; 11.016 ns       ; pIn[11] ; pOut[25] ;
; N/A                                     ; None                                                ; 11.013 ns       ; pIn[2]  ; pOut[17] ;
; N/A                                     ; None                                                ; 11.011 ns       ; pIn[14] ; pOut[23] ;
; N/A                                     ; None                                                ; 11.010 ns       ; pIn[10] ; pOut[30] ;
; N/A                                     ; None                                                ; 11.010 ns       ; pIn[16] ; pOut[27] ;
; N/A                                     ; None                                                ; 11.009 ns       ; pIn[18] ; pOut[19] ;
; N/A                                     ; None                                                ; 11.003 ns       ; pIn[7]  ; pOut[20] ;
; N/A                                     ; None                                                ; 11.002 ns       ; pIn[16] ; pOut[24] ;
; N/A                                     ; None                                                ; 10.997 ns       ; pIn[19] ; pOut[27] ;
; N/A                                     ; None                                                ; 10.997 ns       ; pIn[7]  ; pOut[8]  ;
; N/A                                     ; None                                                ; 10.992 ns       ; pIn[8]  ; pOut[22] ;
; N/A                                     ; None                                                ; 10.991 ns       ; pIn[7]  ; pOut[21] ;
; N/A                                     ; None                                                ; 10.989 ns       ; pIn[19] ; pOut[24] ;
; N/A                                     ; None                                                ; 10.981 ns       ; pIn[13] ; pOut[27] ;
; N/A                                     ; None                                                ; 10.973 ns       ; pIn[13] ; pOut[24] ;
; N/A                                     ; None                                                ; 10.971 ns       ; pIn[6]  ; pOut[30] ;
; N/A                                     ; None                                                ; 10.971 ns       ; pIn[2]  ; pOut[22] ;
; N/A                                     ; None                                                ; 10.970 ns       ; pIn[3]  ; pOut[30] ;
; N/A                                     ; None                                                ; 10.963 ns       ; pIn[2]  ; pOut[8]  ;
; N/A                                     ; None                                                ; 10.960 ns       ; pIn[22] ; pOut[27] ;
; N/A                                     ; None                                                ; 10.950 ns       ; pIn[20] ; pOut[21] ;
; N/A                                     ; None                                                ; 10.917 ns       ; pIn[10] ; pOut[17] ;
; N/A                                     ; None                                                ; 10.914 ns       ; pIn[24] ; pOut[27] ;
; N/A                                     ; None                                                ; 10.912 ns       ; pIn[8]  ; pOut[23] ;
; N/A                                     ; None                                                ; 10.911 ns       ; pIn[20] ; pOut[26] ;
; N/A                                     ; None                                                ; 10.903 ns       ; pIn[18] ; pOut[27] ;
; N/A                                     ; None                                                ; 10.895 ns       ; pIn[12] ; pOut[29] ;
; N/A                                     ; None                                                ; 10.895 ns       ; pIn[18] ; pOut[24] ;
; N/A                                     ; None                                                ; 10.891 ns       ; pIn[2]  ; pOut[23] ;
; N/A                                     ; None                                                ; 10.878 ns       ; pIn[6]  ; pOut[17] ;
; N/A                                     ; None                                                ; 10.877 ns       ; pIn[3]  ; pOut[17] ;
; N/A                                     ; None                                                ; 10.875 ns       ; pIn[10] ; pOut[22] ;
; N/A                                     ; None                                                ; 10.872 ns       ; pIn[7]  ; pOut[14] ;
; N/A                                     ; None                                                ; 10.871 ns       ; pIn[12] ; pOut[28] ;
; N/A                                     ; None                                                ; 10.866 ns       ; pIn[14] ; pOut[31] ;
; N/A                                     ; None                                                ; 10.861 ns       ; pIn[16] ; pOut[29] ;
; N/A                                     ; None                                                ; 10.848 ns       ; pIn[19] ; pOut[29] ;
; N/A                                     ; None                                                ; 10.842 ns       ; pIn[7]  ; pOut[18] ;
; N/A                                     ; None                                                ; 10.837 ns       ; pIn[16] ; pOut[28] ;
; N/A                                     ; None                                                ; 10.836 ns       ; pIn[6]  ; pOut[22] ;
; N/A                                     ; None                                                ; 10.835 ns       ; pIn[3]  ; pOut[22] ;
; N/A                                     ; None                                                ; 10.832 ns       ; pIn[13] ; pOut[29] ;
; N/A                                     ; None                                                ; 10.828 ns       ; pIn[6]  ; pOut[8]  ;
; N/A                                     ; None                                                ; 10.827 ns       ; pIn[3]  ; pOut[8]  ;
; N/A                                     ; None                                                ; 10.824 ns       ; pIn[19] ; pOut[28] ;
; N/A                                     ; None                                                ; 10.820 ns       ; pIn[7]  ; pOut[9]  ;
; N/A                                     ; None                                                ; 10.811 ns       ; pIn[22] ; pOut[29] ;
; N/A                                     ; None                                                ; 10.809 ns       ; pIn[15] ; pOut[27] ;
; N/A                                     ; None                                                ; 10.808 ns       ; pIn[13] ; pOut[28] ;
; N/A                                     ; None                                                ; 10.803 ns       ; pIn[21] ; pOut[25] ;
; N/A                                     ; None                                                ; 10.801 ns       ; pIn[15] ; pOut[24] ;
; N/A                                     ; None                                                ; 10.799 ns       ; pIn[12] ; pOut[30] ;
; N/A                                     ; None                                                ; 10.795 ns       ; pIn[10] ; pOut[23] ;
; N/A                                     ; None                                                ; 10.793 ns       ; pIn[7]  ; pOut[26] ;
; N/A                                     ; None                                                ; 10.791 ns       ; pIn[12] ; pOut[12] ;
; N/A                                     ; None                                                ; 10.787 ns       ; pIn[22] ; pOut[28] ;
; N/A                                     ; None                                                ; 10.775 ns       ; pIn[17] ; pOut[19] ;
; N/A                                     ; None                                                ; 10.767 ns       ; pIn[8]  ; pOut[31] ;
; N/A                                     ; None                                                ; 10.767 ns       ; pIn[14] ; pOut[20] ;
; N/A                                     ; None                                                ; 10.765 ns       ; pIn[16] ; pOut[30] ;
; N/A                                     ; None                                                ; 10.765 ns       ; pIn[24] ; pOut[29] ;
; N/A                                     ; None                                                ; 10.759 ns       ; pIn[9]  ; pOut[27] ;
; N/A                                     ; None                                                ; 10.758 ns       ; pIn[5]  ; pOut[27] ;
; N/A                                     ; None                                                ; 10.756 ns       ; pIn[6]  ; pOut[23] ;
; N/A                                     ; None                                                ; 10.755 ns       ; pIn[3]  ; pOut[23] ;
; N/A                                     ; None                                                ; 10.755 ns       ; pIn[14] ; pOut[21] ;
; N/A                                     ; None                                                ; 10.754 ns       ; pIn[18] ; pOut[29] ;
; N/A                                     ; None                                                ; 10.754 ns       ; pIn[12] ; pOut[15] ;
; N/A                                     ; None                                                ; 10.752 ns       ; pIn[19] ; pOut[30] ;
; N/A                                     ; None                                                ; 10.751 ns       ; pIn[9]  ; pOut[24] ;
; N/A                                     ; None                                                ; 10.750 ns       ; pIn[5]  ; pOut[24] ;
; N/A                                     ; None                                                ; 10.746 ns       ; pIn[2]  ; pOut[31] ;
; N/A                                     ; None                                                ; 10.746 ns       ; pIn[23] ; pOut[25] ;
; N/A                                     ; None                                                ; 10.741 ns       ; pIn[24] ; pOut[28] ;
; N/A                                     ; None                                                ; 10.736 ns       ; pIn[13] ; pOut[30] ;
; N/A                                     ; None                                                ; 10.735 ns       ; pIn[8]  ; pOut[16] ;
; N/A                                     ; None                                                ; 10.730 ns       ; pIn[18] ; pOut[28] ;
; N/A                                     ; None                                                ; 10.726 ns       ; pIn[2]  ; pOut[9]  ;
; N/A                                     ; None                                                ; 10.724 ns       ; pIn[19] ; pOut[19] ;
; N/A                                     ; None                                                ; 10.715 ns       ; pIn[22] ; pOut[30] ;
; N/A                                     ; None                                                ; 10.715 ns       ; pIn[8]  ; pOut[13] ;
; N/A                                     ; None                                                ; 10.714 ns       ; pIn[2]  ; pOut[16] ;
; N/A                                     ; None                                                ; 10.706 ns       ; pIn[12] ; pOut[17] ;
; N/A                                     ; None                                                ; 10.701 ns       ; pIn[27] ; pOut[29] ;
; N/A                                     ; None                                                ; 10.700 ns       ; pIn[13] ; pOut[15] ;
; N/A                                     ; None                                                ; 10.699 ns       ; pIn[22] ; pOut[24] ;
; N/A                                     ; None                                                ; 10.697 ns       ; pIn[14] ; pOut[16] ;
; N/A                                     ; None                                                ; 10.694 ns       ; pIn[2]  ; pOut[13] ;
; N/A                                     ; None                                                ; 10.687 ns       ; pIn[4]  ; pOut[27] ;
; N/A                                     ; None                                                ; 10.679 ns       ; pIn[4]  ; pOut[24] ;
; N/A                                     ; None                                                ; 10.672 ns       ; pIn[16] ; pOut[17] ;
; N/A                                     ; None                                                ; 10.669 ns       ; pIn[24] ; pOut[30] ;
; N/A                                     ; None                                                ; 10.668 ns       ; pIn[8]  ; pOut[20] ;
; N/A                                     ; None                                                ; 10.667 ns       ; pIn[17] ; pOut[27] ;
; N/A                                     ; None                                                ; 10.665 ns       ; pIn[27] ; pOut[30] ;
; N/A                                     ; None                                                ; 10.664 ns       ; pIn[12] ; pOut[22] ;
; N/A                                     ; None                                                ; 10.662 ns       ; pIn[9]  ; pOut[15] ;
; Timing analysis restricted to 200 rows. ; To change the limit use Settings (Assignments menu) ;                 ;         ;          ;
+-----------------------------------------+-----------------------------------------------------+-----------------+---------+----------+


+--------------------------+
; Timing Analyzer Messages ;
+--------------------------+
Info: *******************************************************************
Info: Running Quartus II Classic Timing Analyzer
    Info: Version 9.1 Build 350 03/24/2010 Service Pack 2 SJ Web Edition
    Info: Processing started: Tue Nov 25 21:54:09 2014
Info: Command: quartus_tan --read_settings_files=off --write_settings_files=off Add4 -c eAdd4 --timing_analysis_only
Info: Longest tpd from source pin "pIn[7]" to destination pin "pOut[12]" is 12.193 ns
    Info: 1: + IC(0.000 ns) + CELL(1.087 ns) = 1.087 ns; Loc. = PIN_Y14; Fanout = 3; PIN Node = 'pIn[7]'
    Info: 2: + IC(4.576 ns) + CELL(0.443 ns) = 6.106 ns; Loc. = LC_X18_Y27_N5; Fanout = 2; COMB Node = 'Add0~22'
    Info: 3: + IC(0.000 ns) + CELL(0.058 ns) = 6.164 ns; Loc. = LC_X18_Y27_N6; Fanout = 2; COMB Node = 'Add0~27'
    Info: 4: + IC(0.000 ns) + CELL(0.058 ns) = 6.222 ns; Loc. = LC_X18_Y27_N7; Fanout = 2; COMB Node = 'Add0~32'
    Info: 5: + IC(0.000 ns) + CELL(0.058 ns) = 6.280 ns; Loc. = LC_X18_Y27_N8; Fanout = 2; COMB Node = 'Add0~37'
    Info: 6: + IC(0.000 ns) + CELL(0.214 ns) = 6.494 ns; Loc. = LC_X18_Y27_N9; Fanout = 6; COMB Node = 'Add0~42'
    Info: 7: + IC(0.000 ns) + CELL(0.469 ns) = 6.963 ns; Loc. = LC_X18_Y26_N0; Fanout = 1; COMB Node = 'Add0~45'
    Info: 8: + IC(2.543 ns) + CELL(2.687 ns) = 12.193 ns; Loc. = PIN_AA12; Fanout = 0; PIN Node = 'pOut[12]'
    Info: Total cell delay = 5.074 ns ( 41.61 % )
    Info: Total interconnect delay = 7.119 ns ( 58.39 % )
Info: Quartus II Classic Timing Analyzer was successful. 0 errors, 0 warnings
    Info: Peak virtual memory: 187 megabytes
    Info: Processing ended: Tue Nov 25 21:54:10 2014
    Info: Elapsed time: 00:00:01
    Info: Total CPU time (on all processors): 00:00:02


