--------------------------------------------------------------------------------------
Timing Analyzer Summary
--------------------------------------------------------------------------------------

Type           : Worst-case tsu
Slack          : N/A
Required Time  : None
Actual Time    : 8.953 ns
From           : pWriteRegister[2]
To             : saReg[8][31]
From Clock     : --
To Clock       : pClock
Failed Paths   : 0

Type           : Worst-case tco
Slack          : N/A
Required Time  : None
Actual Time    : 15.405 ns
From           : saReg[2][11]
To             : pReadData1[11]
From Clock     : pClock
To Clock       : --
Failed Paths   : 0

Type           : Worst-case tpd
Slack          : N/A
Required Time  : None
Actual Time    : 18.688 ns
From           : pReadRegister1[2]
To             : pReadData1[11]
From Clock     : --
To Clock       : --
Failed Paths   : 0

Type           : Worst-case th
Slack          : N/A
Required Time  : None
Actual Time    : -1.938 ns
From           : pWriteData[14]
To             : saReg[12][14]
From Clock     : --
To Clock       : pClock
Failed Paths   : 0

Type           : Total number of failed paths
Slack          : 
Required Time  : 
Actual Time    : 
From           : 
To             : 
From Clock     : 
To Clock       : 
Failed Paths   : 0

--------------------------------------------------------------------------------------

