Classic Timing Analyzer report for eImem
Thu Nov 27 10:25:38 2014
Quartus II Version 9.1 Build 350 03/24/2010 Service Pack 2 SJ Web Edition


---------------------
; Table of Contents ;
---------------------
  1. Legal Notice
  2. Timing Analyzer Summary
  3. Timing Analyzer Settings
  4. Clock Settings Summary
  5. Parallel Compilation
  6. tsu
  7. tco
  8. th
  9. Timing Analyzer Messages



----------------
; Legal Notice ;
----------------
Copyright (C) 1991-2010 Altera Corporation
Your use of Altera Corporation's design tools, logic functions 
and other software and tools, and its AMPP partner logic 
functions, and any output files from any of the foregoing 
(including device programming or simulation files), and any 
associated documentation or information are expressly subject 
to the terms and conditions of the Altera Program License 
Subscription Agreement, Altera MegaCore Function License 
Agreement, or other applicable license agreement, including, 
without limitation, that your use is for the sole purpose of 
programming logic devices manufactured by Altera and sold by 
Altera or its authorized distributors.  Please refer to the 
applicable agreement for further details.



+-------------------------------------------------------------------------------------------------------------------------------------------------------------------------------------------------------------------------------------------------------------------------------------------------------------------------------------------------------+
; Timing Analyzer Summary                                                                                                                                                                                                                                                                                                                               ;
+------------------------------+-------+---------------+-------------+---------------------------------------------------------------------------------------------------------------------+---------------------------------------------------------------------------------------------------------------------+------------+----------+--------------+
; Type                         ; Slack ; Required Time ; Actual Time ; From                                                                                                                ; To                                                                                                                  ; From Clock ; To Clock ; Failed Paths ;
+------------------------------+-------+---------------+-------------+---------------------------------------------------------------------------------------------------------------------+---------------------------------------------------------------------------------------------------------------------+------------+----------+--------------+
; Worst-case tsu               ; N/A   ; None          ; 4.165 ns    ; pReadaddr[8]                                                                                                        ; lpm_rom:data_memory|altrom:srom|altsyncram:rom_block|altsyncram_unv:auto_generated|ram_block1a0~porta_address_reg6  ; --         ; pClock   ; 0            ;
; Worst-case tco               ; N/A   ; None          ; 11.830 ns   ; lpm_rom:data_memory|altrom:srom|altsyncram:rom_block|altsyncram_unv:auto_generated|ram_block1a18~porta_address_reg7 ; pDataout[28]                                                                                                        ; pClock     ; --       ; 0            ;
; Worst-case th                ; N/A   ; None          ; -2.367 ns   ; pReadaddr[5]                                                                                                        ; lpm_rom:data_memory|altrom:srom|altsyncram:rom_block|altsyncram_unv:auto_generated|ram_block1a18~porta_address_reg3 ; --         ; pClock   ; 0            ;
; Total number of failed paths ;       ;               ;             ;                                                                                                                     ;                                                                                                                     ;            ;          ; 0            ;
+------------------------------+-------+---------------+-------------+---------------------------------------------------------------------------------------------------------------------+---------------------------------------------------------------------------------------------------------------------+------------+----------+--------------+


+-----------------------------------------------------------------------------------------------------------------------------------------------------+
; Timing Analyzer Settings                                                                                                                            ;
+------------------------------------------------------------------------------------------------------+--------------------+------+----+-------------+
; Option                                                                                               ; Setting            ; From ; To ; Entity Name ;
+------------------------------------------------------------------------------------------------------+--------------------+------+----+-------------+
; Device Name                                                                                          ; EP1S10F484C5       ;      ;    ;             ;
; Timing Models                                                                                        ; Final              ;      ;    ;             ;
; Default hold multicycle                                                                              ; Same as Multicycle ;      ;    ;             ;
; Cut paths between unrelated clock domains                                                            ; On                 ;      ;    ;             ;
; Cut off read during write signal paths                                                               ; On                 ;      ;    ;             ;
; Cut off feedback from I/O pins                                                                       ; On                 ;      ;    ;             ;
; Report Combined Fast/Slow Timing                                                                     ; Off                ;      ;    ;             ;
; Ignore Clock Settings                                                                                ; Off                ;      ;    ;             ;
; Analyze latches as synchronous elements                                                              ; Off                ;      ;    ;             ;
; Enable Recovery/Removal analysis                                                                     ; Off                ;      ;    ;             ;
; Enable Clock Latency                                                                                 ; Off                ;      ;    ;             ;
; Use TimeQuest Timing Analyzer                                                                        ; Off                ;      ;    ;             ;
; Number of source nodes to report per destination node                                                ; 10                 ;      ;    ;             ;
; Number of destination nodes to report                                                                ; 10                 ;      ;    ;             ;
; Number of paths to report                                                                            ; 200                ;      ;    ;             ;
; Report Minimum Timing Checks                                                                         ; Off                ;      ;    ;             ;
; Use Fast Timing Models                                                                               ; Off                ;      ;    ;             ;
; Report IO Paths Separately                                                                           ; Off                ;      ;    ;             ;
; Perform Multicorner Analysis                                                                         ; Off                ;      ;    ;             ;
; Reports the worst-case path for each clock domain and analysis                                       ; Off                ;      ;    ;             ;
; Reports worst-case timing paths for each clock domain and analysis                                   ; Off                ;      ;    ;             ;
; Specifies the maximum number of worst-case timing paths to report for each clock domain and analysis ; 100                ;      ;    ;             ;
; Removes common clock path pessimism (CCPP) during slack computation                                  ; Off                ;      ;    ;             ;
; Output I/O Timing Endpoint                                                                           ; Near End           ;      ;    ;             ;
+------------------------------------------------------------------------------------------------------+--------------------+------+----+-------------+


+------------------------------------------------------------------------------------------------------------------------------------------------------------------------------------+
; Clock Settings Summary                                                                                                                                                             ;
+-----------------+--------------------+----------+------------------+---------------+--------------+----------+-----------------------+---------------------+--------+--------------+
; Clock Node Name ; Clock Setting Name ; Type     ; Fmax Requirement ; Early Latency ; Late Latency ; Based on ; Multiply Base Fmax by ; Divide Base Fmax by ; Offset ; Phase offset ;
+-----------------+--------------------+----------+------------------+---------------+--------------+----------+-----------------------+---------------------+--------+--------------+
; pClock          ;                    ; User Pin ; None             ; 0.000 ns      ; 0.000 ns     ; --       ; N/A                   ; N/A                 ; N/A    ;              ;
+-----------------+--------------------+----------+------------------+---------------+--------------+----------+-----------------------+---------------------+--------+--------------+


Parallel compilation was disabled, but you have multiple processors available. Enable parallel compilation to reduce compilation time.
+-------------------------------------+
; Parallel Compilation                ;
+----------------------------+--------+
; Processors                 ; Number ;
+----------------------------+--------+
; Number detected on machine ; 4      ;
; Maximum allowed            ; 1      ;
+----------------------------+--------+


+-----------------------------------------------------------------------------------------------------------------------------------------------------------------------------------+
; tsu                                                                                                                                                                               ;
+-------+--------------+------------+--------------+---------------------------------------------------------------------------------------------------------------------+----------+
; Slack ; Required tsu ; Actual tsu ; From         ; To                                                                                                                  ; To Clock ;
+-------+--------------+------------+--------------+---------------------------------------------------------------------------------------------------------------------+----------+
; N/A   ; None         ; 4.165 ns   ; pReadaddr[8] ; lpm_rom:data_memory|altrom:srom|altsyncram:rom_block|altsyncram_unv:auto_generated|ram_block1a0~porta_address_reg6  ; pClock   ;
; N/A   ; None         ; 3.479 ns   ; pReadaddr[9] ; lpm_rom:data_memory|altrom:srom|altsyncram:rom_block|altsyncram_unv:auto_generated|ram_block1a0~porta_address_reg7  ; pClock   ;
; N/A   ; None         ; 3.427 ns   ; pReadaddr[6] ; lpm_rom:data_memory|altrom:srom|altsyncram:rom_block|altsyncram_unv:auto_generated|ram_block1a0~porta_address_reg4  ; pClock   ;
; N/A   ; None         ; 3.402 ns   ; pReadaddr[2] ; lpm_rom:data_memory|altrom:srom|altsyncram:rom_block|altsyncram_unv:auto_generated|ram_block1a0~porta_address_reg0  ; pClock   ;
; N/A   ; None         ; 3.149 ns   ; pReadaddr[8] ; lpm_rom:data_memory|altrom:srom|altsyncram:rom_block|altsyncram_unv:auto_generated|ram_block1a18~porta_address_reg6 ; pClock   ;
; N/A   ; None         ; 3.049 ns   ; pReadaddr[5] ; lpm_rom:data_memory|altrom:srom|altsyncram:rom_block|altsyncram_unv:auto_generated|ram_block1a0~porta_address_reg3  ; pClock   ;
; N/A   ; None         ; 2.998 ns   ; pReadaddr[7] ; lpm_rom:data_memory|altrom:srom|altsyncram:rom_block|altsyncram_unv:auto_generated|ram_block1a0~porta_address_reg5  ; pClock   ;
; N/A   ; None         ; 2.968 ns   ; pReadaddr[4] ; lpm_rom:data_memory|altrom:srom|altsyncram:rom_block|altsyncram_unv:auto_generated|ram_block1a18~porta_address_reg2 ; pClock   ;
; N/A   ; None         ; 2.940 ns   ; pReadaddr[7] ; lpm_rom:data_memory|altrom:srom|altsyncram:rom_block|altsyncram_unv:auto_generated|ram_block1a18~porta_address_reg5 ; pClock   ;
; N/A   ; None         ; 2.863 ns   ; pReadaddr[3] ; lpm_rom:data_memory|altrom:srom|altsyncram:rom_block|altsyncram_unv:auto_generated|ram_block1a18~porta_address_reg1 ; pClock   ;
; N/A   ; None         ; 2.852 ns   ; pReadaddr[3] ; lpm_rom:data_memory|altrom:srom|altsyncram:rom_block|altsyncram_unv:auto_generated|ram_block1a0~porta_address_reg1  ; pClock   ;
; N/A   ; None         ; 2.701 ns   ; pReadaddr[2] ; lpm_rom:data_memory|altrom:srom|altsyncram:rom_block|altsyncram_unv:auto_generated|ram_block1a18~porta_address_reg0 ; pClock   ;
; N/A   ; None         ; 2.700 ns   ; pReadaddr[4] ; lpm_rom:data_memory|altrom:srom|altsyncram:rom_block|altsyncram_unv:auto_generated|ram_block1a0~porta_address_reg2  ; pClock   ;
; N/A   ; None         ; 2.633 ns   ; pReadaddr[6] ; lpm_rom:data_memory|altrom:srom|altsyncram:rom_block|altsyncram_unv:auto_generated|ram_block1a18~porta_address_reg4 ; pClock   ;
; N/A   ; None         ; 2.577 ns   ; pReadaddr[9] ; lpm_rom:data_memory|altrom:srom|altsyncram:rom_block|altsyncram_unv:auto_generated|ram_block1a18~porta_address_reg7 ; pClock   ;
; N/A   ; None         ; 2.532 ns   ; pReadaddr[5] ; lpm_rom:data_memory|altrom:srom|altsyncram:rom_block|altsyncram_unv:auto_generated|ram_block1a18~porta_address_reg3 ; pClock   ;
+-------+--------------+------------+--------------+---------------------------------------------------------------------------------------------------------------------+----------+


+--------------------------------------------------------------------------------------------------------------------------------------------------------------------------------------------------------------------------------------------------------------+
; tco                                                                                                                                                                                                                                                          ;
+-----------------------------------------+-----------------------------------------------------+------------+---------------------------------------------------------------------------------------------------------------------+--------------+------------+
; Slack                                   ; Required tco                                        ; Actual tco ; From                                                                                                                ; To           ; From Clock ;
+-----------------------------------------+-----------------------------------------------------+------------+---------------------------------------------------------------------------------------------------------------------+--------------+------------+
; N/A                                     ; None                                                ; 11.830 ns  ; lpm_rom:data_memory|altrom:srom|altsyncram:rom_block|altsyncram_unv:auto_generated|ram_block1a18~porta_address_reg0 ; pDataout[28] ; pClock     ;
; N/A                                     ; None                                                ; 11.830 ns  ; lpm_rom:data_memory|altrom:srom|altsyncram:rom_block|altsyncram_unv:auto_generated|ram_block1a18~porta_address_reg1 ; pDataout[28] ; pClock     ;
; N/A                                     ; None                                                ; 11.830 ns  ; lpm_rom:data_memory|altrom:srom|altsyncram:rom_block|altsyncram_unv:auto_generated|ram_block1a18~porta_address_reg2 ; pDataout[28] ; pClock     ;
; N/A                                     ; None                                                ; 11.830 ns  ; lpm_rom:data_memory|altrom:srom|altsyncram:rom_block|altsyncram_unv:auto_generated|ram_block1a18~porta_address_reg3 ; pDataout[28] ; pClock     ;
; N/A                                     ; None                                                ; 11.830 ns  ; lpm_rom:data_memory|altrom:srom|altsyncram:rom_block|altsyncram_unv:auto_generated|ram_block1a18~porta_address_reg4 ; pDataout[28] ; pClock     ;
; N/A                                     ; None                                                ; 11.830 ns  ; lpm_rom:data_memory|altrom:srom|altsyncram:rom_block|altsyncram_unv:auto_generated|ram_block1a18~porta_address_reg5 ; pDataout[28] ; pClock     ;
; N/A                                     ; None                                                ; 11.830 ns  ; lpm_rom:data_memory|altrom:srom|altsyncram:rom_block|altsyncram_unv:auto_generated|ram_block1a18~porta_address_reg6 ; pDataout[28] ; pClock     ;
; N/A                                     ; None                                                ; 11.830 ns  ; lpm_rom:data_memory|altrom:srom|altsyncram:rom_block|altsyncram_unv:auto_generated|ram_block1a18~porta_address_reg7 ; pDataout[28] ; pClock     ;
; N/A                                     ; None                                                ; 11.768 ns  ; lpm_rom:data_memory|altrom:srom|altsyncram:rom_block|altsyncram_unv:auto_generated|ram_block1a18~porta_address_reg0 ; pDataout[21] ; pClock     ;
; N/A                                     ; None                                                ; 11.768 ns  ; lpm_rom:data_memory|altrom:srom|altsyncram:rom_block|altsyncram_unv:auto_generated|ram_block1a18~porta_address_reg1 ; pDataout[21] ; pClock     ;
; N/A                                     ; None                                                ; 11.768 ns  ; lpm_rom:data_memory|altrom:srom|altsyncram:rom_block|altsyncram_unv:auto_generated|ram_block1a18~porta_address_reg2 ; pDataout[21] ; pClock     ;
; N/A                                     ; None                                                ; 11.768 ns  ; lpm_rom:data_memory|altrom:srom|altsyncram:rom_block|altsyncram_unv:auto_generated|ram_block1a18~porta_address_reg3 ; pDataout[21] ; pClock     ;
; N/A                                     ; None                                                ; 11.768 ns  ; lpm_rom:data_memory|altrom:srom|altsyncram:rom_block|altsyncram_unv:auto_generated|ram_block1a18~porta_address_reg4 ; pDataout[21] ; pClock     ;
; N/A                                     ; None                                                ; 11.768 ns  ; lpm_rom:data_memory|altrom:srom|altsyncram:rom_block|altsyncram_unv:auto_generated|ram_block1a18~porta_address_reg5 ; pDataout[21] ; pClock     ;
; N/A                                     ; None                                                ; 11.768 ns  ; lpm_rom:data_memory|altrom:srom|altsyncram:rom_block|altsyncram_unv:auto_generated|ram_block1a18~porta_address_reg6 ; pDataout[21] ; pClock     ;
; N/A                                     ; None                                                ; 11.768 ns  ; lpm_rom:data_memory|altrom:srom|altsyncram:rom_block|altsyncram_unv:auto_generated|ram_block1a18~porta_address_reg7 ; pDataout[21] ; pClock     ;
; N/A                                     ; None                                                ; 11.659 ns  ; lpm_rom:data_memory|altrom:srom|altsyncram:rom_block|altsyncram_unv:auto_generated|ram_block1a0~porta_address_reg0  ; pDataout[10] ; pClock     ;
; N/A                                     ; None                                                ; 11.659 ns  ; lpm_rom:data_memory|altrom:srom|altsyncram:rom_block|altsyncram_unv:auto_generated|ram_block1a0~porta_address_reg1  ; pDataout[10] ; pClock     ;
; N/A                                     ; None                                                ; 11.659 ns  ; lpm_rom:data_memory|altrom:srom|altsyncram:rom_block|altsyncram_unv:auto_generated|ram_block1a0~porta_address_reg2  ; pDataout[10] ; pClock     ;
; N/A                                     ; None                                                ; 11.659 ns  ; lpm_rom:data_memory|altrom:srom|altsyncram:rom_block|altsyncram_unv:auto_generated|ram_block1a0~porta_address_reg3  ; pDataout[10] ; pClock     ;
; N/A                                     ; None                                                ; 11.659 ns  ; lpm_rom:data_memory|altrom:srom|altsyncram:rom_block|altsyncram_unv:auto_generated|ram_block1a0~porta_address_reg4  ; pDataout[10] ; pClock     ;
; N/A                                     ; None                                                ; 11.659 ns  ; lpm_rom:data_memory|altrom:srom|altsyncram:rom_block|altsyncram_unv:auto_generated|ram_block1a0~porta_address_reg5  ; pDataout[10] ; pClock     ;
; N/A                                     ; None                                                ; 11.659 ns  ; lpm_rom:data_memory|altrom:srom|altsyncram:rom_block|altsyncram_unv:auto_generated|ram_block1a0~porta_address_reg6  ; pDataout[10] ; pClock     ;
; N/A                                     ; None                                                ; 11.659 ns  ; lpm_rom:data_memory|altrom:srom|altsyncram:rom_block|altsyncram_unv:auto_generated|ram_block1a0~porta_address_reg7  ; pDataout[10] ; pClock     ;
; N/A                                     ; None                                                ; 11.658 ns  ; lpm_rom:data_memory|altrom:srom|altsyncram:rom_block|altsyncram_unv:auto_generated|ram_block1a0~porta_address_reg0  ; pDataout[3]  ; pClock     ;
; N/A                                     ; None                                                ; 11.658 ns  ; lpm_rom:data_memory|altrom:srom|altsyncram:rom_block|altsyncram_unv:auto_generated|ram_block1a0~porta_address_reg1  ; pDataout[3]  ; pClock     ;
; N/A                                     ; None                                                ; 11.658 ns  ; lpm_rom:data_memory|altrom:srom|altsyncram:rom_block|altsyncram_unv:auto_generated|ram_block1a0~porta_address_reg2  ; pDataout[3]  ; pClock     ;
; N/A                                     ; None                                                ; 11.658 ns  ; lpm_rom:data_memory|altrom:srom|altsyncram:rom_block|altsyncram_unv:auto_generated|ram_block1a0~porta_address_reg3  ; pDataout[3]  ; pClock     ;
; N/A                                     ; None                                                ; 11.658 ns  ; lpm_rom:data_memory|altrom:srom|altsyncram:rom_block|altsyncram_unv:auto_generated|ram_block1a0~porta_address_reg4  ; pDataout[3]  ; pClock     ;
; N/A                                     ; None                                                ; 11.658 ns  ; lpm_rom:data_memory|altrom:srom|altsyncram:rom_block|altsyncram_unv:auto_generated|ram_block1a0~porta_address_reg5  ; pDataout[3]  ; pClock     ;
; N/A                                     ; None                                                ; 11.658 ns  ; lpm_rom:data_memory|altrom:srom|altsyncram:rom_block|altsyncram_unv:auto_generated|ram_block1a0~porta_address_reg6  ; pDataout[3]  ; pClock     ;
; N/A                                     ; None                                                ; 11.658 ns  ; lpm_rom:data_memory|altrom:srom|altsyncram:rom_block|altsyncram_unv:auto_generated|ram_block1a0~porta_address_reg7  ; pDataout[3]  ; pClock     ;
; N/A                                     ; None                                                ; 11.541 ns  ; lpm_rom:data_memory|altrom:srom|altsyncram:rom_block|altsyncram_unv:auto_generated|ram_block1a0~porta_address_reg0  ; pDataout[0]  ; pClock     ;
; N/A                                     ; None                                                ; 11.541 ns  ; lpm_rom:data_memory|altrom:srom|altsyncram:rom_block|altsyncram_unv:auto_generated|ram_block1a0~porta_address_reg1  ; pDataout[0]  ; pClock     ;
; N/A                                     ; None                                                ; 11.541 ns  ; lpm_rom:data_memory|altrom:srom|altsyncram:rom_block|altsyncram_unv:auto_generated|ram_block1a0~porta_address_reg2  ; pDataout[0]  ; pClock     ;
; N/A                                     ; None                                                ; 11.541 ns  ; lpm_rom:data_memory|altrom:srom|altsyncram:rom_block|altsyncram_unv:auto_generated|ram_block1a0~porta_address_reg3  ; pDataout[0]  ; pClock     ;
; N/A                                     ; None                                                ; 11.541 ns  ; lpm_rom:data_memory|altrom:srom|altsyncram:rom_block|altsyncram_unv:auto_generated|ram_block1a0~porta_address_reg4  ; pDataout[0]  ; pClock     ;
; N/A                                     ; None                                                ; 11.541 ns  ; lpm_rom:data_memory|altrom:srom|altsyncram:rom_block|altsyncram_unv:auto_generated|ram_block1a0~porta_address_reg5  ; pDataout[0]  ; pClock     ;
; N/A                                     ; None                                                ; 11.541 ns  ; lpm_rom:data_memory|altrom:srom|altsyncram:rom_block|altsyncram_unv:auto_generated|ram_block1a0~porta_address_reg6  ; pDataout[0]  ; pClock     ;
; N/A                                     ; None                                                ; 11.541 ns  ; lpm_rom:data_memory|altrom:srom|altsyncram:rom_block|altsyncram_unv:auto_generated|ram_block1a0~porta_address_reg7  ; pDataout[0]  ; pClock     ;
; N/A                                     ; None                                                ; 11.418 ns  ; lpm_rom:data_memory|altrom:srom|altsyncram:rom_block|altsyncram_unv:auto_generated|ram_block1a18~porta_address_reg0 ; pDataout[25] ; pClock     ;
; N/A                                     ; None                                                ; 11.418 ns  ; lpm_rom:data_memory|altrom:srom|altsyncram:rom_block|altsyncram_unv:auto_generated|ram_block1a18~porta_address_reg1 ; pDataout[25] ; pClock     ;
; N/A                                     ; None                                                ; 11.418 ns  ; lpm_rom:data_memory|altrom:srom|altsyncram:rom_block|altsyncram_unv:auto_generated|ram_block1a18~porta_address_reg2 ; pDataout[25] ; pClock     ;
; N/A                                     ; None                                                ; 11.418 ns  ; lpm_rom:data_memory|altrom:srom|altsyncram:rom_block|altsyncram_unv:auto_generated|ram_block1a18~porta_address_reg3 ; pDataout[25] ; pClock     ;
; N/A                                     ; None                                                ; 11.418 ns  ; lpm_rom:data_memory|altrom:srom|altsyncram:rom_block|altsyncram_unv:auto_generated|ram_block1a18~porta_address_reg4 ; pDataout[25] ; pClock     ;
; N/A                                     ; None                                                ; 11.418 ns  ; lpm_rom:data_memory|altrom:srom|altsyncram:rom_block|altsyncram_unv:auto_generated|ram_block1a18~porta_address_reg5 ; pDataout[25] ; pClock     ;
; N/A                                     ; None                                                ; 11.418 ns  ; lpm_rom:data_memory|altrom:srom|altsyncram:rom_block|altsyncram_unv:auto_generated|ram_block1a18~porta_address_reg6 ; pDataout[25] ; pClock     ;
; N/A                                     ; None                                                ; 11.418 ns  ; lpm_rom:data_memory|altrom:srom|altsyncram:rom_block|altsyncram_unv:auto_generated|ram_block1a18~porta_address_reg7 ; pDataout[25] ; pClock     ;
; N/A                                     ; None                                                ; 11.150 ns  ; lpm_rom:data_memory|altrom:srom|altsyncram:rom_block|altsyncram_unv:auto_generated|ram_block1a18~porta_address_reg0 ; pDataout[22] ; pClock     ;
; N/A                                     ; None                                                ; 11.150 ns  ; lpm_rom:data_memory|altrom:srom|altsyncram:rom_block|altsyncram_unv:auto_generated|ram_block1a18~porta_address_reg1 ; pDataout[22] ; pClock     ;
; N/A                                     ; None                                                ; 11.150 ns  ; lpm_rom:data_memory|altrom:srom|altsyncram:rom_block|altsyncram_unv:auto_generated|ram_block1a18~porta_address_reg2 ; pDataout[22] ; pClock     ;
; N/A                                     ; None                                                ; 11.150 ns  ; lpm_rom:data_memory|altrom:srom|altsyncram:rom_block|altsyncram_unv:auto_generated|ram_block1a18~porta_address_reg3 ; pDataout[22] ; pClock     ;
; N/A                                     ; None                                                ; 11.150 ns  ; lpm_rom:data_memory|altrom:srom|altsyncram:rom_block|altsyncram_unv:auto_generated|ram_block1a18~porta_address_reg4 ; pDataout[22] ; pClock     ;
; N/A                                     ; None                                                ; 11.150 ns  ; lpm_rom:data_memory|altrom:srom|altsyncram:rom_block|altsyncram_unv:auto_generated|ram_block1a18~porta_address_reg5 ; pDataout[22] ; pClock     ;
; N/A                                     ; None                                                ; 11.150 ns  ; lpm_rom:data_memory|altrom:srom|altsyncram:rom_block|altsyncram_unv:auto_generated|ram_block1a18~porta_address_reg6 ; pDataout[22] ; pClock     ;
; N/A                                     ; None                                                ; 11.150 ns  ; lpm_rom:data_memory|altrom:srom|altsyncram:rom_block|altsyncram_unv:auto_generated|ram_block1a18~porta_address_reg7 ; pDataout[22] ; pClock     ;
; N/A                                     ; None                                                ; 11.136 ns  ; lpm_rom:data_memory|altrom:srom|altsyncram:rom_block|altsyncram_unv:auto_generated|ram_block1a0~porta_address_reg0  ; pDataout[17] ; pClock     ;
; N/A                                     ; None                                                ; 11.136 ns  ; lpm_rom:data_memory|altrom:srom|altsyncram:rom_block|altsyncram_unv:auto_generated|ram_block1a0~porta_address_reg1  ; pDataout[17] ; pClock     ;
; N/A                                     ; None                                                ; 11.136 ns  ; lpm_rom:data_memory|altrom:srom|altsyncram:rom_block|altsyncram_unv:auto_generated|ram_block1a0~porta_address_reg2  ; pDataout[17] ; pClock     ;
; N/A                                     ; None                                                ; 11.136 ns  ; lpm_rom:data_memory|altrom:srom|altsyncram:rom_block|altsyncram_unv:auto_generated|ram_block1a0~porta_address_reg3  ; pDataout[17] ; pClock     ;
; N/A                                     ; None                                                ; 11.136 ns  ; lpm_rom:data_memory|altrom:srom|altsyncram:rom_block|altsyncram_unv:auto_generated|ram_block1a0~porta_address_reg4  ; pDataout[17] ; pClock     ;
; N/A                                     ; None                                                ; 11.136 ns  ; lpm_rom:data_memory|altrom:srom|altsyncram:rom_block|altsyncram_unv:auto_generated|ram_block1a0~porta_address_reg5  ; pDataout[17] ; pClock     ;
; N/A                                     ; None                                                ; 11.136 ns  ; lpm_rom:data_memory|altrom:srom|altsyncram:rom_block|altsyncram_unv:auto_generated|ram_block1a0~porta_address_reg6  ; pDataout[17] ; pClock     ;
; N/A                                     ; None                                                ; 11.136 ns  ; lpm_rom:data_memory|altrom:srom|altsyncram:rom_block|altsyncram_unv:auto_generated|ram_block1a0~porta_address_reg7  ; pDataout[17] ; pClock     ;
; N/A                                     ; None                                                ; 11.093 ns  ; lpm_rom:data_memory|altrom:srom|altsyncram:rom_block|altsyncram_unv:auto_generated|ram_block1a0~porta_address_reg0  ; pDataout[5]  ; pClock     ;
; N/A                                     ; None                                                ; 11.093 ns  ; lpm_rom:data_memory|altrom:srom|altsyncram:rom_block|altsyncram_unv:auto_generated|ram_block1a0~porta_address_reg1  ; pDataout[5]  ; pClock     ;
; N/A                                     ; None                                                ; 11.093 ns  ; lpm_rom:data_memory|altrom:srom|altsyncram:rom_block|altsyncram_unv:auto_generated|ram_block1a0~porta_address_reg2  ; pDataout[5]  ; pClock     ;
; N/A                                     ; None                                                ; 11.093 ns  ; lpm_rom:data_memory|altrom:srom|altsyncram:rom_block|altsyncram_unv:auto_generated|ram_block1a0~porta_address_reg3  ; pDataout[5]  ; pClock     ;
; N/A                                     ; None                                                ; 11.093 ns  ; lpm_rom:data_memory|altrom:srom|altsyncram:rom_block|altsyncram_unv:auto_generated|ram_block1a0~porta_address_reg4  ; pDataout[5]  ; pClock     ;
; N/A                                     ; None                                                ; 11.093 ns  ; lpm_rom:data_memory|altrom:srom|altsyncram:rom_block|altsyncram_unv:auto_generated|ram_block1a0~porta_address_reg5  ; pDataout[5]  ; pClock     ;
; N/A                                     ; None                                                ; 11.093 ns  ; lpm_rom:data_memory|altrom:srom|altsyncram:rom_block|altsyncram_unv:auto_generated|ram_block1a0~porta_address_reg6  ; pDataout[5]  ; pClock     ;
; N/A                                     ; None                                                ; 11.093 ns  ; lpm_rom:data_memory|altrom:srom|altsyncram:rom_block|altsyncram_unv:auto_generated|ram_block1a0~porta_address_reg7  ; pDataout[5]  ; pClock     ;
; N/A                                     ; None                                                ; 10.968 ns  ; lpm_rom:data_memory|altrom:srom|altsyncram:rom_block|altsyncram_unv:auto_generated|ram_block1a0~porta_address_reg0  ; pDataout[6]  ; pClock     ;
; N/A                                     ; None                                                ; 10.968 ns  ; lpm_rom:data_memory|altrom:srom|altsyncram:rom_block|altsyncram_unv:auto_generated|ram_block1a0~porta_address_reg1  ; pDataout[6]  ; pClock     ;
; N/A                                     ; None                                                ; 10.968 ns  ; lpm_rom:data_memory|altrom:srom|altsyncram:rom_block|altsyncram_unv:auto_generated|ram_block1a0~porta_address_reg2  ; pDataout[6]  ; pClock     ;
; N/A                                     ; None                                                ; 10.968 ns  ; lpm_rom:data_memory|altrom:srom|altsyncram:rom_block|altsyncram_unv:auto_generated|ram_block1a0~porta_address_reg3  ; pDataout[6]  ; pClock     ;
; N/A                                     ; None                                                ; 10.968 ns  ; lpm_rom:data_memory|altrom:srom|altsyncram:rom_block|altsyncram_unv:auto_generated|ram_block1a0~porta_address_reg4  ; pDataout[6]  ; pClock     ;
; N/A                                     ; None                                                ; 10.968 ns  ; lpm_rom:data_memory|altrom:srom|altsyncram:rom_block|altsyncram_unv:auto_generated|ram_block1a0~porta_address_reg5  ; pDataout[6]  ; pClock     ;
; N/A                                     ; None                                                ; 10.968 ns  ; lpm_rom:data_memory|altrom:srom|altsyncram:rom_block|altsyncram_unv:auto_generated|ram_block1a0~porta_address_reg6  ; pDataout[6]  ; pClock     ;
; N/A                                     ; None                                                ; 10.968 ns  ; lpm_rom:data_memory|altrom:srom|altsyncram:rom_block|altsyncram_unv:auto_generated|ram_block1a0~porta_address_reg7  ; pDataout[6]  ; pClock     ;
; N/A                                     ; None                                                ; 10.935 ns  ; lpm_rom:data_memory|altrom:srom|altsyncram:rom_block|altsyncram_unv:auto_generated|ram_block1a18~porta_address_reg0 ; pDataout[23] ; pClock     ;
; N/A                                     ; None                                                ; 10.935 ns  ; lpm_rom:data_memory|altrom:srom|altsyncram:rom_block|altsyncram_unv:auto_generated|ram_block1a18~porta_address_reg1 ; pDataout[23] ; pClock     ;
; N/A                                     ; None                                                ; 10.935 ns  ; lpm_rom:data_memory|altrom:srom|altsyncram:rom_block|altsyncram_unv:auto_generated|ram_block1a18~porta_address_reg2 ; pDataout[23] ; pClock     ;
; N/A                                     ; None                                                ; 10.935 ns  ; lpm_rom:data_memory|altrom:srom|altsyncram:rom_block|altsyncram_unv:auto_generated|ram_block1a18~porta_address_reg3 ; pDataout[23] ; pClock     ;
; N/A                                     ; None                                                ; 10.935 ns  ; lpm_rom:data_memory|altrom:srom|altsyncram:rom_block|altsyncram_unv:auto_generated|ram_block1a18~porta_address_reg4 ; pDataout[23] ; pClock     ;
; N/A                                     ; None                                                ; 10.935 ns  ; lpm_rom:data_memory|altrom:srom|altsyncram:rom_block|altsyncram_unv:auto_generated|ram_block1a18~porta_address_reg5 ; pDataout[23] ; pClock     ;
; N/A                                     ; None                                                ; 10.935 ns  ; lpm_rom:data_memory|altrom:srom|altsyncram:rom_block|altsyncram_unv:auto_generated|ram_block1a18~porta_address_reg6 ; pDataout[23] ; pClock     ;
; N/A                                     ; None                                                ; 10.935 ns  ; lpm_rom:data_memory|altrom:srom|altsyncram:rom_block|altsyncram_unv:auto_generated|ram_block1a18~porta_address_reg7 ; pDataout[23] ; pClock     ;
; N/A                                     ; None                                                ; 10.929 ns  ; lpm_rom:data_memory|altrom:srom|altsyncram:rom_block|altsyncram_unv:auto_generated|ram_block1a0~porta_address_reg0  ; pDataout[2]  ; pClock     ;
; N/A                                     ; None                                                ; 10.929 ns  ; lpm_rom:data_memory|altrom:srom|altsyncram:rom_block|altsyncram_unv:auto_generated|ram_block1a0~porta_address_reg1  ; pDataout[2]  ; pClock     ;
; N/A                                     ; None                                                ; 10.929 ns  ; lpm_rom:data_memory|altrom:srom|altsyncram:rom_block|altsyncram_unv:auto_generated|ram_block1a0~porta_address_reg2  ; pDataout[2]  ; pClock     ;
; N/A                                     ; None                                                ; 10.929 ns  ; lpm_rom:data_memory|altrom:srom|altsyncram:rom_block|altsyncram_unv:auto_generated|ram_block1a0~porta_address_reg3  ; pDataout[2]  ; pClock     ;
; N/A                                     ; None                                                ; 10.929 ns  ; lpm_rom:data_memory|altrom:srom|altsyncram:rom_block|altsyncram_unv:auto_generated|ram_block1a0~porta_address_reg4  ; pDataout[2]  ; pClock     ;
; N/A                                     ; None                                                ; 10.929 ns  ; lpm_rom:data_memory|altrom:srom|altsyncram:rom_block|altsyncram_unv:auto_generated|ram_block1a0~porta_address_reg5  ; pDataout[2]  ; pClock     ;
; N/A                                     ; None                                                ; 10.929 ns  ; lpm_rom:data_memory|altrom:srom|altsyncram:rom_block|altsyncram_unv:auto_generated|ram_block1a0~porta_address_reg6  ; pDataout[2]  ; pClock     ;
; N/A                                     ; None                                                ; 10.929 ns  ; lpm_rom:data_memory|altrom:srom|altsyncram:rom_block|altsyncram_unv:auto_generated|ram_block1a0~porta_address_reg7  ; pDataout[2]  ; pClock     ;
; N/A                                     ; None                                                ; 10.621 ns  ; lpm_rom:data_memory|altrom:srom|altsyncram:rom_block|altsyncram_unv:auto_generated|ram_block1a0~porta_address_reg0  ; pDataout[4]  ; pClock     ;
; N/A                                     ; None                                                ; 10.621 ns  ; lpm_rom:data_memory|altrom:srom|altsyncram:rom_block|altsyncram_unv:auto_generated|ram_block1a0~porta_address_reg1  ; pDataout[4]  ; pClock     ;
; N/A                                     ; None                                                ; 10.621 ns  ; lpm_rom:data_memory|altrom:srom|altsyncram:rom_block|altsyncram_unv:auto_generated|ram_block1a0~porta_address_reg2  ; pDataout[4]  ; pClock     ;
; N/A                                     ; None                                                ; 10.621 ns  ; lpm_rom:data_memory|altrom:srom|altsyncram:rom_block|altsyncram_unv:auto_generated|ram_block1a0~porta_address_reg3  ; pDataout[4]  ; pClock     ;
; N/A                                     ; None                                                ; 10.621 ns  ; lpm_rom:data_memory|altrom:srom|altsyncram:rom_block|altsyncram_unv:auto_generated|ram_block1a0~porta_address_reg4  ; pDataout[4]  ; pClock     ;
; N/A                                     ; None                                                ; 10.621 ns  ; lpm_rom:data_memory|altrom:srom|altsyncram:rom_block|altsyncram_unv:auto_generated|ram_block1a0~porta_address_reg5  ; pDataout[4]  ; pClock     ;
; N/A                                     ; None                                                ; 10.621 ns  ; lpm_rom:data_memory|altrom:srom|altsyncram:rom_block|altsyncram_unv:auto_generated|ram_block1a0~porta_address_reg6  ; pDataout[4]  ; pClock     ;
; N/A                                     ; None                                                ; 10.621 ns  ; lpm_rom:data_memory|altrom:srom|altsyncram:rom_block|altsyncram_unv:auto_generated|ram_block1a0~porta_address_reg7  ; pDataout[4]  ; pClock     ;
; N/A                                     ; None                                                ; 10.620 ns  ; lpm_rom:data_memory|altrom:srom|altsyncram:rom_block|altsyncram_unv:auto_generated|ram_block1a0~porta_address_reg0  ; pDataout[8]  ; pClock     ;
; N/A                                     ; None                                                ; 10.620 ns  ; lpm_rom:data_memory|altrom:srom|altsyncram:rom_block|altsyncram_unv:auto_generated|ram_block1a0~porta_address_reg1  ; pDataout[8]  ; pClock     ;
; N/A                                     ; None                                                ; 10.620 ns  ; lpm_rom:data_memory|altrom:srom|altsyncram:rom_block|altsyncram_unv:auto_generated|ram_block1a0~porta_address_reg2  ; pDataout[8]  ; pClock     ;
; N/A                                     ; None                                                ; 10.620 ns  ; lpm_rom:data_memory|altrom:srom|altsyncram:rom_block|altsyncram_unv:auto_generated|ram_block1a0~porta_address_reg3  ; pDataout[8]  ; pClock     ;
; N/A                                     ; None                                                ; 10.620 ns  ; lpm_rom:data_memory|altrom:srom|altsyncram:rom_block|altsyncram_unv:auto_generated|ram_block1a0~porta_address_reg4  ; pDataout[8]  ; pClock     ;
; N/A                                     ; None                                                ; 10.620 ns  ; lpm_rom:data_memory|altrom:srom|altsyncram:rom_block|altsyncram_unv:auto_generated|ram_block1a0~porta_address_reg5  ; pDataout[8]  ; pClock     ;
; N/A                                     ; None                                                ; 10.620 ns  ; lpm_rom:data_memory|altrom:srom|altsyncram:rom_block|altsyncram_unv:auto_generated|ram_block1a0~porta_address_reg6  ; pDataout[8]  ; pClock     ;
; N/A                                     ; None                                                ; 10.620 ns  ; lpm_rom:data_memory|altrom:srom|altsyncram:rom_block|altsyncram_unv:auto_generated|ram_block1a0~porta_address_reg7  ; pDataout[8]  ; pClock     ;
; N/A                                     ; None                                                ; 10.618 ns  ; lpm_rom:data_memory|altrom:srom|altsyncram:rom_block|altsyncram_unv:auto_generated|ram_block1a0~porta_address_reg0  ; pDataout[15] ; pClock     ;
; N/A                                     ; None                                                ; 10.618 ns  ; lpm_rom:data_memory|altrom:srom|altsyncram:rom_block|altsyncram_unv:auto_generated|ram_block1a0~porta_address_reg1  ; pDataout[15] ; pClock     ;
; N/A                                     ; None                                                ; 10.618 ns  ; lpm_rom:data_memory|altrom:srom|altsyncram:rom_block|altsyncram_unv:auto_generated|ram_block1a0~porta_address_reg2  ; pDataout[15] ; pClock     ;
; N/A                                     ; None                                                ; 10.618 ns  ; lpm_rom:data_memory|altrom:srom|altsyncram:rom_block|altsyncram_unv:auto_generated|ram_block1a0~porta_address_reg3  ; pDataout[15] ; pClock     ;
; N/A                                     ; None                                                ; 10.618 ns  ; lpm_rom:data_memory|altrom:srom|altsyncram:rom_block|altsyncram_unv:auto_generated|ram_block1a0~porta_address_reg4  ; pDataout[15] ; pClock     ;
; N/A                                     ; None                                                ; 10.618 ns  ; lpm_rom:data_memory|altrom:srom|altsyncram:rom_block|altsyncram_unv:auto_generated|ram_block1a0~porta_address_reg5  ; pDataout[15] ; pClock     ;
; N/A                                     ; None                                                ; 10.618 ns  ; lpm_rom:data_memory|altrom:srom|altsyncram:rom_block|altsyncram_unv:auto_generated|ram_block1a0~porta_address_reg6  ; pDataout[15] ; pClock     ;
; N/A                                     ; None                                                ; 10.618 ns  ; lpm_rom:data_memory|altrom:srom|altsyncram:rom_block|altsyncram_unv:auto_generated|ram_block1a0~porta_address_reg7  ; pDataout[15] ; pClock     ;
; N/A                                     ; None                                                ; 10.520 ns  ; lpm_rom:data_memory|altrom:srom|altsyncram:rom_block|altsyncram_unv:auto_generated|ram_block1a0~porta_address_reg0  ; pDataout[9]  ; pClock     ;
; N/A                                     ; None                                                ; 10.520 ns  ; lpm_rom:data_memory|altrom:srom|altsyncram:rom_block|altsyncram_unv:auto_generated|ram_block1a0~porta_address_reg1  ; pDataout[9]  ; pClock     ;
; N/A                                     ; None                                                ; 10.520 ns  ; lpm_rom:data_memory|altrom:srom|altsyncram:rom_block|altsyncram_unv:auto_generated|ram_block1a0~porta_address_reg2  ; pDataout[9]  ; pClock     ;
; N/A                                     ; None                                                ; 10.520 ns  ; lpm_rom:data_memory|altrom:srom|altsyncram:rom_block|altsyncram_unv:auto_generated|ram_block1a0~porta_address_reg3  ; pDataout[9]  ; pClock     ;
; N/A                                     ; None                                                ; 10.520 ns  ; lpm_rom:data_memory|altrom:srom|altsyncram:rom_block|altsyncram_unv:auto_generated|ram_block1a0~porta_address_reg4  ; pDataout[9]  ; pClock     ;
; N/A                                     ; None                                                ; 10.520 ns  ; lpm_rom:data_memory|altrom:srom|altsyncram:rom_block|altsyncram_unv:auto_generated|ram_block1a0~porta_address_reg5  ; pDataout[9]  ; pClock     ;
; N/A                                     ; None                                                ; 10.520 ns  ; lpm_rom:data_memory|altrom:srom|altsyncram:rom_block|altsyncram_unv:auto_generated|ram_block1a0~porta_address_reg6  ; pDataout[9]  ; pClock     ;
; N/A                                     ; None                                                ; 10.520 ns  ; lpm_rom:data_memory|altrom:srom|altsyncram:rom_block|altsyncram_unv:auto_generated|ram_block1a0~porta_address_reg7  ; pDataout[9]  ; pClock     ;
; N/A                                     ; None                                                ; 10.381 ns  ; lpm_rom:data_memory|altrom:srom|altsyncram:rom_block|altsyncram_unv:auto_generated|ram_block1a18~porta_address_reg0 ; pDataout[31] ; pClock     ;
; N/A                                     ; None                                                ; 10.381 ns  ; lpm_rom:data_memory|altrom:srom|altsyncram:rom_block|altsyncram_unv:auto_generated|ram_block1a18~porta_address_reg1 ; pDataout[31] ; pClock     ;
; N/A                                     ; None                                                ; 10.381 ns  ; lpm_rom:data_memory|altrom:srom|altsyncram:rom_block|altsyncram_unv:auto_generated|ram_block1a18~porta_address_reg2 ; pDataout[31] ; pClock     ;
; N/A                                     ; None                                                ; 10.381 ns  ; lpm_rom:data_memory|altrom:srom|altsyncram:rom_block|altsyncram_unv:auto_generated|ram_block1a18~porta_address_reg3 ; pDataout[31] ; pClock     ;
; N/A                                     ; None                                                ; 10.381 ns  ; lpm_rom:data_memory|altrom:srom|altsyncram:rom_block|altsyncram_unv:auto_generated|ram_block1a18~porta_address_reg4 ; pDataout[31] ; pClock     ;
; N/A                                     ; None                                                ; 10.381 ns  ; lpm_rom:data_memory|altrom:srom|altsyncram:rom_block|altsyncram_unv:auto_generated|ram_block1a18~porta_address_reg5 ; pDataout[31] ; pClock     ;
; N/A                                     ; None                                                ; 10.381 ns  ; lpm_rom:data_memory|altrom:srom|altsyncram:rom_block|altsyncram_unv:auto_generated|ram_block1a18~porta_address_reg6 ; pDataout[31] ; pClock     ;
; N/A                                     ; None                                                ; 10.381 ns  ; lpm_rom:data_memory|altrom:srom|altsyncram:rom_block|altsyncram_unv:auto_generated|ram_block1a18~porta_address_reg7 ; pDataout[31] ; pClock     ;
; N/A                                     ; None                                                ; 10.198 ns  ; lpm_rom:data_memory|altrom:srom|altsyncram:rom_block|altsyncram_unv:auto_generated|ram_block1a18~porta_address_reg0 ; pDataout[30] ; pClock     ;
; N/A                                     ; None                                                ; 10.198 ns  ; lpm_rom:data_memory|altrom:srom|altsyncram:rom_block|altsyncram_unv:auto_generated|ram_block1a18~porta_address_reg1 ; pDataout[30] ; pClock     ;
; N/A                                     ; None                                                ; 10.198 ns  ; lpm_rom:data_memory|altrom:srom|altsyncram:rom_block|altsyncram_unv:auto_generated|ram_block1a18~porta_address_reg2 ; pDataout[30] ; pClock     ;
; N/A                                     ; None                                                ; 10.198 ns  ; lpm_rom:data_memory|altrom:srom|altsyncram:rom_block|altsyncram_unv:auto_generated|ram_block1a18~porta_address_reg3 ; pDataout[30] ; pClock     ;
; N/A                                     ; None                                                ; 10.198 ns  ; lpm_rom:data_memory|altrom:srom|altsyncram:rom_block|altsyncram_unv:auto_generated|ram_block1a18~porta_address_reg4 ; pDataout[30] ; pClock     ;
; N/A                                     ; None                                                ; 10.198 ns  ; lpm_rom:data_memory|altrom:srom|altsyncram:rom_block|altsyncram_unv:auto_generated|ram_block1a18~porta_address_reg5 ; pDataout[30] ; pClock     ;
; N/A                                     ; None                                                ; 10.198 ns  ; lpm_rom:data_memory|altrom:srom|altsyncram:rom_block|altsyncram_unv:auto_generated|ram_block1a18~porta_address_reg6 ; pDataout[30] ; pClock     ;
; N/A                                     ; None                                                ; 10.198 ns  ; lpm_rom:data_memory|altrom:srom|altsyncram:rom_block|altsyncram_unv:auto_generated|ram_block1a18~porta_address_reg7 ; pDataout[30] ; pClock     ;
; N/A                                     ; None                                                ; 10.130 ns  ; lpm_rom:data_memory|altrom:srom|altsyncram:rom_block|altsyncram_unv:auto_generated|ram_block1a18~porta_address_reg0 ; pDataout[19] ; pClock     ;
; N/A                                     ; None                                                ; 10.130 ns  ; lpm_rom:data_memory|altrom:srom|altsyncram:rom_block|altsyncram_unv:auto_generated|ram_block1a18~porta_address_reg1 ; pDataout[19] ; pClock     ;
; N/A                                     ; None                                                ; 10.130 ns  ; lpm_rom:data_memory|altrom:srom|altsyncram:rom_block|altsyncram_unv:auto_generated|ram_block1a18~porta_address_reg2 ; pDataout[19] ; pClock     ;
; N/A                                     ; None                                                ; 10.130 ns  ; lpm_rom:data_memory|altrom:srom|altsyncram:rom_block|altsyncram_unv:auto_generated|ram_block1a18~porta_address_reg3 ; pDataout[19] ; pClock     ;
; N/A                                     ; None                                                ; 10.130 ns  ; lpm_rom:data_memory|altrom:srom|altsyncram:rom_block|altsyncram_unv:auto_generated|ram_block1a18~porta_address_reg4 ; pDataout[19] ; pClock     ;
; N/A                                     ; None                                                ; 10.130 ns  ; lpm_rom:data_memory|altrom:srom|altsyncram:rom_block|altsyncram_unv:auto_generated|ram_block1a18~porta_address_reg5 ; pDataout[19] ; pClock     ;
; N/A                                     ; None                                                ; 10.130 ns  ; lpm_rom:data_memory|altrom:srom|altsyncram:rom_block|altsyncram_unv:auto_generated|ram_block1a18~porta_address_reg6 ; pDataout[19] ; pClock     ;
; N/A                                     ; None                                                ; 10.130 ns  ; lpm_rom:data_memory|altrom:srom|altsyncram:rom_block|altsyncram_unv:auto_generated|ram_block1a18~porta_address_reg7 ; pDataout[19] ; pClock     ;
; N/A                                     ; None                                                ; 10.120 ns  ; lpm_rom:data_memory|altrom:srom|altsyncram:rom_block|altsyncram_unv:auto_generated|ram_block1a0~porta_address_reg0  ; pDataout[13] ; pClock     ;
; N/A                                     ; None                                                ; 10.120 ns  ; lpm_rom:data_memory|altrom:srom|altsyncram:rom_block|altsyncram_unv:auto_generated|ram_block1a0~porta_address_reg1  ; pDataout[13] ; pClock     ;
; N/A                                     ; None                                                ; 10.120 ns  ; lpm_rom:data_memory|altrom:srom|altsyncram:rom_block|altsyncram_unv:auto_generated|ram_block1a0~porta_address_reg2  ; pDataout[13] ; pClock     ;
; N/A                                     ; None                                                ; 10.120 ns  ; lpm_rom:data_memory|altrom:srom|altsyncram:rom_block|altsyncram_unv:auto_generated|ram_block1a0~porta_address_reg3  ; pDataout[13] ; pClock     ;
; N/A                                     ; None                                                ; 10.120 ns  ; lpm_rom:data_memory|altrom:srom|altsyncram:rom_block|altsyncram_unv:auto_generated|ram_block1a0~porta_address_reg4  ; pDataout[13] ; pClock     ;
; N/A                                     ; None                                                ; 10.120 ns  ; lpm_rom:data_memory|altrom:srom|altsyncram:rom_block|altsyncram_unv:auto_generated|ram_block1a0~porta_address_reg5  ; pDataout[13] ; pClock     ;
; N/A                                     ; None                                                ; 10.120 ns  ; lpm_rom:data_memory|altrom:srom|altsyncram:rom_block|altsyncram_unv:auto_generated|ram_block1a0~porta_address_reg6  ; pDataout[13] ; pClock     ;
; N/A                                     ; None                                                ; 10.120 ns  ; lpm_rom:data_memory|altrom:srom|altsyncram:rom_block|altsyncram_unv:auto_generated|ram_block1a0~porta_address_reg7  ; pDataout[13] ; pClock     ;
; N/A                                     ; None                                                ; 10.119 ns  ; lpm_rom:data_memory|altrom:srom|altsyncram:rom_block|altsyncram_unv:auto_generated|ram_block1a18~porta_address_reg0 ; pDataout[26] ; pClock     ;
; N/A                                     ; None                                                ; 10.119 ns  ; lpm_rom:data_memory|altrom:srom|altsyncram:rom_block|altsyncram_unv:auto_generated|ram_block1a18~porta_address_reg1 ; pDataout[26] ; pClock     ;
; N/A                                     ; None                                                ; 10.119 ns  ; lpm_rom:data_memory|altrom:srom|altsyncram:rom_block|altsyncram_unv:auto_generated|ram_block1a18~porta_address_reg2 ; pDataout[26] ; pClock     ;
; N/A                                     ; None                                                ; 10.119 ns  ; lpm_rom:data_memory|altrom:srom|altsyncram:rom_block|altsyncram_unv:auto_generated|ram_block1a18~porta_address_reg3 ; pDataout[26] ; pClock     ;
; N/A                                     ; None                                                ; 10.119 ns  ; lpm_rom:data_memory|altrom:srom|altsyncram:rom_block|altsyncram_unv:auto_generated|ram_block1a18~porta_address_reg4 ; pDataout[26] ; pClock     ;
; N/A                                     ; None                                                ; 10.119 ns  ; lpm_rom:data_memory|altrom:srom|altsyncram:rom_block|altsyncram_unv:auto_generated|ram_block1a18~porta_address_reg5 ; pDataout[26] ; pClock     ;
; N/A                                     ; None                                                ; 10.119 ns  ; lpm_rom:data_memory|altrom:srom|altsyncram:rom_block|altsyncram_unv:auto_generated|ram_block1a18~porta_address_reg6 ; pDataout[26] ; pClock     ;
; N/A                                     ; None                                                ; 10.119 ns  ; lpm_rom:data_memory|altrom:srom|altsyncram:rom_block|altsyncram_unv:auto_generated|ram_block1a18~porta_address_reg7 ; pDataout[26] ; pClock     ;
; N/A                                     ; None                                                ; 10.114 ns  ; lpm_rom:data_memory|altrom:srom|altsyncram:rom_block|altsyncram_unv:auto_generated|ram_block1a18~porta_address_reg0 ; pDataout[29] ; pClock     ;
; N/A                                     ; None                                                ; 10.114 ns  ; lpm_rom:data_memory|altrom:srom|altsyncram:rom_block|altsyncram_unv:auto_generated|ram_block1a18~porta_address_reg1 ; pDataout[29] ; pClock     ;
; N/A                                     ; None                                                ; 10.114 ns  ; lpm_rom:data_memory|altrom:srom|altsyncram:rom_block|altsyncram_unv:auto_generated|ram_block1a18~porta_address_reg2 ; pDataout[29] ; pClock     ;
; N/A                                     ; None                                                ; 10.114 ns  ; lpm_rom:data_memory|altrom:srom|altsyncram:rom_block|altsyncram_unv:auto_generated|ram_block1a18~porta_address_reg3 ; pDataout[29] ; pClock     ;
; N/A                                     ; None                                                ; 10.114 ns  ; lpm_rom:data_memory|altrom:srom|altsyncram:rom_block|altsyncram_unv:auto_generated|ram_block1a18~porta_address_reg4 ; pDataout[29] ; pClock     ;
; N/A                                     ; None                                                ; 10.114 ns  ; lpm_rom:data_memory|altrom:srom|altsyncram:rom_block|altsyncram_unv:auto_generated|ram_block1a18~porta_address_reg5 ; pDataout[29] ; pClock     ;
; N/A                                     ; None                                                ; 10.114 ns  ; lpm_rom:data_memory|altrom:srom|altsyncram:rom_block|altsyncram_unv:auto_generated|ram_block1a18~porta_address_reg6 ; pDataout[29] ; pClock     ;
; N/A                                     ; None                                                ; 10.114 ns  ; lpm_rom:data_memory|altrom:srom|altsyncram:rom_block|altsyncram_unv:auto_generated|ram_block1a18~porta_address_reg7 ; pDataout[29] ; pClock     ;
; N/A                                     ; None                                                ; 10.094 ns  ; lpm_rom:data_memory|altrom:srom|altsyncram:rom_block|altsyncram_unv:auto_generated|ram_block1a0~porta_address_reg0  ; pDataout[1]  ; pClock     ;
; N/A                                     ; None                                                ; 10.094 ns  ; lpm_rom:data_memory|altrom:srom|altsyncram:rom_block|altsyncram_unv:auto_generated|ram_block1a0~porta_address_reg1  ; pDataout[1]  ; pClock     ;
; N/A                                     ; None                                                ; 10.094 ns  ; lpm_rom:data_memory|altrom:srom|altsyncram:rom_block|altsyncram_unv:auto_generated|ram_block1a0~porta_address_reg2  ; pDataout[1]  ; pClock     ;
; N/A                                     ; None                                                ; 10.094 ns  ; lpm_rom:data_memory|altrom:srom|altsyncram:rom_block|altsyncram_unv:auto_generated|ram_block1a0~porta_address_reg3  ; pDataout[1]  ; pClock     ;
; N/A                                     ; None                                                ; 10.094 ns  ; lpm_rom:data_memory|altrom:srom|altsyncram:rom_block|altsyncram_unv:auto_generated|ram_block1a0~porta_address_reg4  ; pDataout[1]  ; pClock     ;
; N/A                                     ; None                                                ; 10.094 ns  ; lpm_rom:data_memory|altrom:srom|altsyncram:rom_block|altsyncram_unv:auto_generated|ram_block1a0~porta_address_reg5  ; pDataout[1]  ; pClock     ;
; N/A                                     ; None                                                ; 10.094 ns  ; lpm_rom:data_memory|altrom:srom|altsyncram:rom_block|altsyncram_unv:auto_generated|ram_block1a0~porta_address_reg6  ; pDataout[1]  ; pClock     ;
; N/A                                     ; None                                                ; 10.094 ns  ; lpm_rom:data_memory|altrom:srom|altsyncram:rom_block|altsyncram_unv:auto_generated|ram_block1a0~porta_address_reg7  ; pDataout[1]  ; pClock     ;
; N/A                                     ; None                                                ; 10.089 ns  ; lpm_rom:data_memory|altrom:srom|altsyncram:rom_block|altsyncram_unv:auto_generated|ram_block1a18~porta_address_reg0 ; pDataout[27] ; pClock     ;
; N/A                                     ; None                                                ; 10.089 ns  ; lpm_rom:data_memory|altrom:srom|altsyncram:rom_block|altsyncram_unv:auto_generated|ram_block1a18~porta_address_reg1 ; pDataout[27] ; pClock     ;
; N/A                                     ; None                                                ; 10.089 ns  ; lpm_rom:data_memory|altrom:srom|altsyncram:rom_block|altsyncram_unv:auto_generated|ram_block1a18~porta_address_reg2 ; pDataout[27] ; pClock     ;
; N/A                                     ; None                                                ; 10.089 ns  ; lpm_rom:data_memory|altrom:srom|altsyncram:rom_block|altsyncram_unv:auto_generated|ram_block1a18~porta_address_reg3 ; pDataout[27] ; pClock     ;
; N/A                                     ; None                                                ; 10.089 ns  ; lpm_rom:data_memory|altrom:srom|altsyncram:rom_block|altsyncram_unv:auto_generated|ram_block1a18~porta_address_reg4 ; pDataout[27] ; pClock     ;
; N/A                                     ; None                                                ; 10.089 ns  ; lpm_rom:data_memory|altrom:srom|altsyncram:rom_block|altsyncram_unv:auto_generated|ram_block1a18~porta_address_reg5 ; pDataout[27] ; pClock     ;
; N/A                                     ; None                                                ; 10.089 ns  ; lpm_rom:data_memory|altrom:srom|altsyncram:rom_block|altsyncram_unv:auto_generated|ram_block1a18~porta_address_reg6 ; pDataout[27] ; pClock     ;
; N/A                                     ; None                                                ; 10.089 ns  ; lpm_rom:data_memory|altrom:srom|altsyncram:rom_block|altsyncram_unv:auto_generated|ram_block1a18~porta_address_reg7 ; pDataout[27] ; pClock     ;
; N/A                                     ; None                                                ; 10.088 ns  ; lpm_rom:data_memory|altrom:srom|altsyncram:rom_block|altsyncram_unv:auto_generated|ram_block1a18~porta_address_reg0 ; pDataout[24] ; pClock     ;
; N/A                                     ; None                                                ; 10.088 ns  ; lpm_rom:data_memory|altrom:srom|altsyncram:rom_block|altsyncram_unv:auto_generated|ram_block1a18~porta_address_reg1 ; pDataout[24] ; pClock     ;
; N/A                                     ; None                                                ; 10.088 ns  ; lpm_rom:data_memory|altrom:srom|altsyncram:rom_block|altsyncram_unv:auto_generated|ram_block1a18~porta_address_reg2 ; pDataout[24] ; pClock     ;
; N/A                                     ; None                                                ; 10.088 ns  ; lpm_rom:data_memory|altrom:srom|altsyncram:rom_block|altsyncram_unv:auto_generated|ram_block1a18~porta_address_reg3 ; pDataout[24] ; pClock     ;
; N/A                                     ; None                                                ; 10.088 ns  ; lpm_rom:data_memory|altrom:srom|altsyncram:rom_block|altsyncram_unv:auto_generated|ram_block1a18~porta_address_reg4 ; pDataout[24] ; pClock     ;
; N/A                                     ; None                                                ; 10.088 ns  ; lpm_rom:data_memory|altrom:srom|altsyncram:rom_block|altsyncram_unv:auto_generated|ram_block1a18~porta_address_reg5 ; pDataout[24] ; pClock     ;
; N/A                                     ; None                                                ; 10.088 ns  ; lpm_rom:data_memory|altrom:srom|altsyncram:rom_block|altsyncram_unv:auto_generated|ram_block1a18~porta_address_reg6 ; pDataout[24] ; pClock     ;
; N/A                                     ; None                                                ; 10.088 ns  ; lpm_rom:data_memory|altrom:srom|altsyncram:rom_block|altsyncram_unv:auto_generated|ram_block1a18~porta_address_reg7 ; pDataout[24] ; pClock     ;
; Timing analysis restricted to 200 rows. ; To change the limit use Settings (Assignments menu) ;            ;                                                                                                                     ;              ;            ;
+-----------------------------------------+-----------------------------------------------------+------------+---------------------------------------------------------------------------------------------------------------------+--------------+------------+


+-----------------------------------------------------------------------------------------------------------------------------------------------------------------------------------------+
; th                                                                                                                                                                                      ;
+---------------+-------------+-----------+--------------+---------------------------------------------------------------------------------------------------------------------+----------+
; Minimum Slack ; Required th ; Actual th ; From         ; To                                                                                                                  ; To Clock ;
+---------------+-------------+-----------+--------------+---------------------------------------------------------------------------------------------------------------------+----------+
; N/A           ; None        ; -2.367 ns ; pReadaddr[5] ; lpm_rom:data_memory|altrom:srom|altsyncram:rom_block|altsyncram_unv:auto_generated|ram_block1a18~porta_address_reg3 ; pClock   ;
; N/A           ; None        ; -2.412 ns ; pReadaddr[9] ; lpm_rom:data_memory|altrom:srom|altsyncram:rom_block|altsyncram_unv:auto_generated|ram_block1a18~porta_address_reg7 ; pClock   ;
; N/A           ; None        ; -2.468 ns ; pReadaddr[6] ; lpm_rom:data_memory|altrom:srom|altsyncram:rom_block|altsyncram_unv:auto_generated|ram_block1a18~porta_address_reg4 ; pClock   ;
; N/A           ; None        ; -2.535 ns ; pReadaddr[4] ; lpm_rom:data_memory|altrom:srom|altsyncram:rom_block|altsyncram_unv:auto_generated|ram_block1a0~porta_address_reg2  ; pClock   ;
; N/A           ; None        ; -2.536 ns ; pReadaddr[2] ; lpm_rom:data_memory|altrom:srom|altsyncram:rom_block|altsyncram_unv:auto_generated|ram_block1a18~porta_address_reg0 ; pClock   ;
; N/A           ; None        ; -2.687 ns ; pReadaddr[3] ; lpm_rom:data_memory|altrom:srom|altsyncram:rom_block|altsyncram_unv:auto_generated|ram_block1a0~porta_address_reg1  ; pClock   ;
; N/A           ; None        ; -2.698 ns ; pReadaddr[3] ; lpm_rom:data_memory|altrom:srom|altsyncram:rom_block|altsyncram_unv:auto_generated|ram_block1a18~porta_address_reg1 ; pClock   ;
; N/A           ; None        ; -2.775 ns ; pReadaddr[7] ; lpm_rom:data_memory|altrom:srom|altsyncram:rom_block|altsyncram_unv:auto_generated|ram_block1a18~porta_address_reg5 ; pClock   ;
; N/A           ; None        ; -2.803 ns ; pReadaddr[4] ; lpm_rom:data_memory|altrom:srom|altsyncram:rom_block|altsyncram_unv:auto_generated|ram_block1a18~porta_address_reg2 ; pClock   ;
; N/A           ; None        ; -2.833 ns ; pReadaddr[7] ; lpm_rom:data_memory|altrom:srom|altsyncram:rom_block|altsyncram_unv:auto_generated|ram_block1a0~porta_address_reg5  ; pClock   ;
; N/A           ; None        ; -2.884 ns ; pReadaddr[5] ; lpm_rom:data_memory|altrom:srom|altsyncram:rom_block|altsyncram_unv:auto_generated|ram_block1a0~porta_address_reg3  ; pClock   ;
; N/A           ; None        ; -2.984 ns ; pReadaddr[8] ; lpm_rom:data_memory|altrom:srom|altsyncram:rom_block|altsyncram_unv:auto_generated|ram_block1a18~porta_address_reg6 ; pClock   ;
; N/A           ; None        ; -3.237 ns ; pReadaddr[2] ; lpm_rom:data_memory|altrom:srom|altsyncram:rom_block|altsyncram_unv:auto_generated|ram_block1a0~porta_address_reg0  ; pClock   ;
; N/A           ; None        ; -3.262 ns ; pReadaddr[6] ; lpm_rom:data_memory|altrom:srom|altsyncram:rom_block|altsyncram_unv:auto_generated|ram_block1a0~porta_address_reg4  ; pClock   ;
; N/A           ; None        ; -3.314 ns ; pReadaddr[9] ; lpm_rom:data_memory|altrom:srom|altsyncram:rom_block|altsyncram_unv:auto_generated|ram_block1a0~porta_address_reg7  ; pClock   ;
; N/A           ; None        ; -4.000 ns ; pReadaddr[8] ; lpm_rom:data_memory|altrom:srom|altsyncram:rom_block|altsyncram_unv:auto_generated|ram_block1a0~porta_address_reg6  ; pClock   ;
+---------------+-------------+-----------+--------------+---------------------------------------------------------------------------------------------------------------------+----------+


+--------------------------+
; Timing Analyzer Messages ;
+--------------------------+
Info: *******************************************************************
Info: Running Quartus II Classic Timing Analyzer
    Info: Version 9.1 Build 350 03/24/2010 Service Pack 2 SJ Web Edition
    Info: Processing started: Thu Nov 27 10:25:38 2014
Info: Command: quartus_tan --read_settings_files=off --write_settings_files=off Imem -c eImem --timing_analysis_only
Warning: Found pins functioning as undefined clocks and/or memory enables
    Info: Assuming node "pClock" is an undefined clock
Info: No valid register-to-register data paths exist for clock "pClock"
Info: tsu for memory "lpm_rom:data_memory|altrom:srom|altsyncram:rom_block|altsyncram_unv:auto_generated|ram_block1a0~porta_address_reg6" (data pin = "pReadaddr[8]", clock pin = "pClock") is 4.165 ns
    Info: + Longest pin to memory delay is 6.894 ns
        Info: 1: + IC(0.000 ns) + CELL(1.087 ns) = 1.087 ns; Loc. = PIN_U14; Fanout = 2; PIN Node = 'pReadaddr[8]'
        Info: 2: + IC(5.554 ns) + CELL(0.253 ns) = 6.894 ns; Loc. = M4K_X37_Y30; Fanout = 18; MEM Node = 'lpm_rom:data_memory|altrom:srom|altsyncram:rom_block|altsyncram_unv:auto_generated|ram_block1a0~porta_address_reg6'
        Info: Total cell delay = 1.340 ns ( 19.44 % )
        Info: Total interconnect delay = 5.554 ns ( 80.56 % )
    Info: + Micro setup delay of destination is 0.131 ns
    Info: - Shortest clock path from clock "pClock" to destination memory is 2.860 ns
        Info: 1: + IC(0.000 ns) + CELL(0.828 ns) = 0.828 ns; Loc. = PIN_M20; Fanout = 16; CLK Node = 'pClock'
        Info: 2: + IC(1.520 ns) + CELL(0.512 ns) = 2.860 ns; Loc. = M4K_X37_Y30; Fanout = 18; MEM Node = 'lpm_rom:data_memory|altrom:srom|altsyncram:rom_block|altsyncram_unv:auto_generated|ram_block1a0~porta_address_reg6'
        Info: Total cell delay = 1.340 ns ( 46.85 % )
        Info: Total interconnect delay = 1.520 ns ( 53.15 % )
Info: tco from clock "pClock" to destination pin "pDataout[28]" through memory "lpm_rom:data_memory|altrom:srom|altsyncram:rom_block|altsyncram_unv:auto_generated|ram_block1a18~porta_address_reg0" is 11.830 ns
    Info: + Longest clock path from clock "pClock" to source memory is 2.893 ns
        Info: 1: + IC(0.000 ns) + CELL(0.828 ns) = 0.828 ns; Loc. = PIN_M20; Fanout = 16; CLK Node = 'pClock'
        Info: 2: + IC(1.553 ns) + CELL(0.512 ns) = 2.893 ns; Loc. = M4K_X15_Y30; Fanout = 14; MEM Node = 'lpm_rom:data_memory|altrom:srom|altsyncram:rom_block|altsyncram_unv:auto_generated|ram_block1a18~porta_address_reg0'
        Info: Total cell delay = 1.340 ns ( 46.32 % )
        Info: Total interconnect delay = 1.553 ns ( 53.68 % )
    Info: + Micro clock to output delay of source is 0.420 ns
    Info: + Longest memory to pin delay is 8.517 ns
        Info: 1: + IC(0.000 ns) + CELL(0.000 ns) = 0.000 ns; Loc. = M4K_X15_Y30; Fanout = 14; MEM Node = 'lpm_rom:data_memory|altrom:srom|altsyncram:rom_block|altsyncram_unv:auto_generated|ram_block1a18~porta_address_reg0'
        Info: 2: + IC(0.000 ns) + CELL(3.069 ns) = 3.069 ns; Loc. = M4K_X15_Y30; Fanout = 1; MEM Node = 'lpm_rom:data_memory|altrom:srom|altsyncram:rom_block|altsyncram_unv:auto_generated|q_a[28]'
        Info: 3: + IC(3.044 ns) + CELL(2.404 ns) = 8.517 ns; Loc. = PIN_N14; Fanout = 0; PIN Node = 'pDataout[28]'
        Info: Total cell delay = 5.473 ns ( 64.26 % )
        Info: Total interconnect delay = 3.044 ns ( 35.74 % )
Info: th for memory "lpm_rom:data_memory|altrom:srom|altsyncram:rom_block|altsyncram_unv:auto_generated|ram_block1a18~porta_address_reg3" (data pin = "pReadaddr[5]", clock pin = "pClock") is -2.367 ns
    Info: + Longest clock path from clock "pClock" to destination memory is 2.893 ns
        Info: 1: + IC(0.000 ns) + CELL(0.828 ns) = 0.828 ns; Loc. = PIN_M20; Fanout = 16; CLK Node = 'pClock'
        Info: 2: + IC(1.553 ns) + CELL(0.512 ns) = 2.893 ns; Loc. = M4K_X15_Y30; Fanout = 14; MEM Node = 'lpm_rom:data_memory|altrom:srom|altsyncram:rom_block|altsyncram_unv:auto_generated|ram_block1a18~porta_address_reg3'
        Info: Total cell delay = 1.340 ns ( 46.32 % )
        Info: Total interconnect delay = 1.553 ns ( 53.68 % )
    Info: + Micro hold delay of destination is 0.034 ns
    Info: - Shortest pin to memory delay is 5.294 ns
        Info: 1: + IC(0.000 ns) + CELL(1.087 ns) = 1.087 ns; Loc. = PIN_C15; Fanout = 2; PIN Node = 'pReadaddr[5]'
        Info: 2: + IC(3.954 ns) + CELL(0.253 ns) = 5.294 ns; Loc. = M4K_X15_Y30; Fanout = 14; MEM Node = 'lpm_rom:data_memory|altrom:srom|altsyncram:rom_block|altsyncram_unv:auto_generated|ram_block1a18~porta_address_reg3'
        Info: Total cell delay = 1.340 ns ( 25.31 % )
        Info: Total interconnect delay = 3.954 ns ( 74.69 % )
Info: Quartus II Classic Timing Analyzer was successful. 0 errors, 1 warning
    Info: Peak virtual memory: 182 megabytes
    Info: Processing ended: Thu Nov 27 10:25:38 2014
    Info: Elapsed time: 00:00:00
    Info: Total CPU time (on all processors): 00:00:02


